Archive member included to satisfy reference by file (symbol)

../ulib/libuserxe.a(libuserxe_a-uallocl.o)
                              xci.o (umalloc)
../ulib/libuserxe.a(libuserxe_a-uerr.o)
                              xci.o (Guerropt)
../ulib/libuserxe.a(libuserxe_a-ufemsg.o)
                              ../ulib/libuserxe.a(libuserxe_a-uallocl.o) (ufileapierr)
../ulib/libuserxe.a(libuserxe_a-ufile.o)
                              ../ulib/libuserxe.a(libuserxe_a-ufemsg.o) (Gufile_opt)
../ulib/libuserxe.a(libuserxe_a-ufile1f.o)
                              ../ulib/libuserxe.a(libuserxe_a-ufile.o) (uftpdirlistsub)
../ulib/libuserxe.a(libuserxe_a-ufile1l.o)
                              xci.o (ufstat)
../ulib/libuserxe.a(libuserxe_a-ufile1l2.o)
                              ../ulib/libuserxe.a(libuserxe_a-ufile1l.o) (ufstat_mdos)
../ulib/libuserxe.a(libuserxe_a-ufile2.o)
                              ../ulib/libuserxe.a(libuserxe_a-uerr.o) (uremove)
../ulib/libuserxe.a(libuserxe_a-ufile2f.o)
                              ../ulib/libuserxe.a(libuserxe_a-ufile2.o) (uftpremove)
../ulib/libuserxe.a(libuserxe_a-ufile2l.o)
                              ../ulib/libuserxe.a(libuserxe_a-ufile2.o) (urmdir)
../ulib/libuserxe.a(libuserxe_a-ufile2l2.o)
                              ../ulib/libuserxe.a(libuserxe_a-ufile2l.o) (umkdir_mdos)
../ulib/libuserxe.a(libuserxe_a-ufile3.o)
                              ../ulib/libuserxe.a(libuserxe_a-ufile2l2.o) (udoscopy)
../ulib/libuserxe.a(libuserxe_a-ufile3f.o)
                              ../ulib/libuserxe.a(libuserxe_a-ufile3.o) (uftpxmove)
../ulib/libuserxe.a(libuserxe_a-ufile4.o)
                              ../ulib/libuserxe.a(libuserxe_a-ufile2l2.o) (utempnam)
../ulib/libuserxe.a(libuserxe_a-ufile5.o)
                              ../ulib/libuserxe.a(libuserxe_a-ufile2.o) (udoseditname)
../ulib/libuserxe.a(libuserxe_a-uftp.o)
                              ../ulib/libuserxe.a(libuserxe_a-ufile1f.o) (uftpfstatudl)
../ulib/libuserxe.a(libuserxe_a-uftp2.o)
                              ../ulib/libuserxe.a(libuserxe_a-uftp.o) (Gftpopt)
../ulib/libuserxe.a(libuserxe_a-uftp3.o)
                              ../ulib/libuserxe.a(libuserxe_a-uftp.o) (uftp3setssh)
../ulib/libuserxe.a(libuserxe_a-ugcclib.o)
                              ../ulib/libuserxe.a(libuserxe_a-uftp.o) (memicmp)
../ulib/libuserxe.a(libuserxe_a-ukbdl.o)
                              ../ulib/libuserxe.a(libuserxe_a-ugcclib.o) (ukbdl_getch_init)
../ulib/libuserxe.a(libuserxe_a-ukbdlnxc.o)
                              ../ulib/libuserxe.a(libuserxe_a-ukbdl.o) (ukbdlnxc_init)
../ulib/libuserxe.a(libuserxe_a-ukbdlnxm.o)
                              ../ulib/libuserxe.a(libuserxe_a-ukbdlnxc.o) (ukbdlnxm_mouseinit)
../ulib/libuserxe.a(libuserxe_a-uparse.o)
                              ../ulib/libuserxe.a(libuserxe_a-uftp.o) (uparsev)
../ulib/libuserxe.a(libuserxe_a-uproc.o)
                              ../ulib/libuserxe.a(libuserxe_a-ukbdl.o) (uproc_getpsinfo)
../ulib/libuserxe.a(libuserxe_a-uproc2.o)
                              ../ulib/libuserxe.a(libuserxe_a-ufile2f.o) (uproc_rsh)
../ulib/libuserxe.a(libuserxe_a-uproc4.o)
                              ../ulib/libuserxe.a(libuserxe_a-ukbdlnxc.o) (uproc_select)
../ulib/libuserxe.a(libuserxe_a-uque.o)
                              ../ulib/libuserxe.a(libuserxe_a-uftp.o) (uenq)
../ulib/libuserxe.a(libuserxe_a-ustrcpy.o)
                              xci.o (ustring_memcpy)
../ulib/libuserxe.a(libuserxe_a-ustring.o)
                              ../ulib/libuserxe.a(libuserxe_a-ufile.o) (ustrnlen)
../ulib/libuserxe.a(libuserxe_a-utf.o)
                              ../ulib/libuserxe.a(libuserxe_a-ufile1l.o) (Gulibutfmode)
../ulib/libuserxe.a(libuserxe_a-utf2.o)
                              ../ulib/libuserxe.a(libuserxe_a-ufile1l.o) (utfcvl2fany)
../ulib/libuserxe.a(libuserxe_a-utf22.o)
                              ../ulib/libuserxe.a(libuserxe_a-utf2.o) (utfgetwcw)
../ulib/libuserxe.a(libuserxe_a-utf3.o)
                              ../ulib/libuserxe.a(libuserxe_a-utf2.o) (utfmb2wc)
../ulib/libuserxe.a(libuserxe_a-utf4.o)
                              ../ulib/libuserxe.a(libuserxe_a-utf3.o) (mk_wcwidth)
../ulib/libuserxe.a(libuserxe_a-utrace.o)
                              ../ulib/libuserxe.a(libuserxe_a-uftp2.o) (Gtracehdr)
../ulib/libuserxe.a(libuserxe_a-uunxsub.o)
                              ../ulib/libuserxe.a(libuserxe_a-ufile2l.o) (ugetugid)
../ulib/libuserxe.a(libuserxe_a-uviol.o)
                              ../ulib/libuserxe.a(libuserxe_a-uerr.o) (Guviol_flag)
../ulib/libuserxe.a(libuserxe_a-u3270.o)
                              ../ulib/libuserxe.a(libuserxe_a-ufile1f.o) (u3270fstat)
../ulib/libuserxe.a(libuserxe_a-u32702.o)
                              ../ulib/libuserxe.a(libuserxe_a-ufile2f.o) (u3270mkdir)
../ulib/libuserxe.a(libuserxe_a-u32703.o)
                              ../ulib/libuserxe.a(libuserxe_a-ufile3.o) (u3270xmove)
[...]
Memory Configuration

Name             Origin             Length             Attributes
*default*        0x00000000         0xffffffff

Linker script and memory map

LOAD /usr/lib/gcc/arm-linux-gnueabihf/8/../../../arm-linux-gnueabihf/crt1.o
LOAD /usr/lib/gcc/arm-linux-gnueabihf/8/../../../arm-linux-gnueabihf/crti.o
LOAD /usr/lib/gcc/arm-linux-gnueabihf/8/crtbegin.o
LOAD xci.o
LOAD ../ulib/libuserxe.a
LOAD /usr/lib/gcc/arm-linux-gnueabihf/8/../../../arm-linux-gnueabihf/libgnomeui-2.so
LOAD /usr/lib/gcc/arm-linux-gnueabihf/8/../../../arm-linux-gnueabihf/libSM.so
LOAD /usr/lib/gcc/arm-linux-gnueabihf/8/../../../arm-linux-gnueabihf/libICE.so
LOAD /usr/lib/gcc/arm-linux-gnueabihf/8/../../../arm-linux-gnueabihf/libbonoboui-2.so
LOAD /usr/lib/gcc/arm-linux-gnueabihf/8/../../../arm-linux-gnueabihf/libgnome-2.so
LOAD /usr/lib/gcc/arm-linux-gnueabihf/8/../../../arm-linux-gnueabihf/libpopt.so
LOAD /usr/lib/gcc/arm-linux-gnueabihf/8/../../../arm-linux-gnueabihf/libbonobo-2.so
LOAD /usr/lib/gcc/arm-linux-gnueabihf/8/../../../arm-linux-gnueabihf/libbonobo-activation.so
LOAD /usr/lib/gcc/arm-linux-gnueabihf/8/../../../arm-linux-gnueabihf/libORBit-2.so
LOAD /usr/lib/gcc/arm-linux-gnueabihf/8/../../../arm-linux-gnueabihf/libgnomecanvas-2.so
LOAD /usr/lib/gcc/arm-linux-gnueabihf/8/../../../arm-linux-gnueabihf/libart_lgpl_2.so
LOAD /usr/lib/gcc/arm-linux-gnueabihf/8/../../../arm-linux-gnueabihf/libgnomevfs-2.so
LOAD /usr/lib/gcc/arm-linux-gnueabihf/8/../../../arm-linux-gnueabihf/libgconf-2.so
LOAD /usr/lib/gcc/arm-linux-gnueabihf/8/../../../arm-linux-gnueabihf/libgthread-2.0.so
LOAD /usr/lib/gcc/arm-linux-gnueabihf/8/../../../arm-linux-gnueabihf/libgmodule-2.0.so
LOAD /usr/lib/gcc/arm-linux-gnueabihf/8/../../../arm-linux-gnueabihf/libgtk-x11-2.0.so
LOAD /usr/lib/gcc/arm-linux-gnueabihf/8/../../../arm-linux-gnueabihf/libgdk-x11-2.0.so
LOAD /usr/lib/gcc/arm-linux-gnueabihf/8/../../../arm-linux-gnueabihf/libpangocairo-1.0.so
LOAD /usr/lib/gcc/arm-linux-gnueabihf/8/../../../arm-linux-gnueabihf/libatk-1.0.so
LOAD /usr/lib/gcc/arm-linux-gnueabihf/8/../../../arm-linux-gnueabihf/libcairo.so
LOAD /usr/lib/gcc/arm-linux-gnueabihf/8/../../../arm-linux-gnueabihf/libgdk_pixbuf-2.0.so
LOAD /usr/lib/gcc/arm-linux-gnueabihf/8/../../../arm-linux-gnueabihf/libgio-2.0.so
LOAD /usr/lib/gcc/arm-linux-gnueabihf/8/../../../arm-linux-gnueabihf/libpangoft2-1.0.so
LOAD /usr/lib/gcc/arm-linux-gnueabihf/8/../../../arm-linux-gnueabihf/libpango-1.0.so
LOAD /usr/lib/gcc/arm-linux-gnueabihf/8/../../../arm-linux-gnueabihf/libgobject-2.0.so
LOAD /usr/lib/gcc/arm-linux-gnueabihf/8/../../../arm-linux-gnueabihf/libglib-2.0.so
LOAD /usr/lib/gcc/arm-linux-gnueabihf/8/../../../arm-linux-gnueabihf/libfontconfig.so
LOAD /usr/lib/gcc/arm-linux-gnueabihf/8/../../../arm-linux-gnueabihf/libfreetype.so
LOAD /usr/lib/gcc/arm-linux-gnueabihf/8/../../../arm-linux-gnueabihf/libdl.so
LOAD /usr/lib/gcc/arm-linux-gnueabihf/8/../../../arm-linux-gnueabihf/libncursesw.so
LOAD /lib/arm-linux-gnueabihf/libncursesw.so.6
LOAD /usr/lib/gcc/arm-linux-gnueabihf/8/../../../arm-linux-gnueabihf/libtinfo.so
LOAD /usr/lib/gcc/arm-linux-gnueabihf/8/../../../arm-linux-gnueabihf/libcups.so
LOAD /usr/lib/gcc/arm-linux-gnueabihf/8/libgcc.a
LOAD /usr/lib/gcc/arm-linux-gnueabihf/8/libgcc_s.so
START GROUP
LOAD /usr/lib/gcc/arm-linux-gnueabihf/8/libgcc_s.so.1
LOAD /usr/lib/gcc/arm-linux-gnueabihf/8/libgcc.a
END GROUP
LOAD /usr/lib/gcc/arm-linux-gnueabihf/8/../../../arm-linux-gnueabihf/libpthread.so
LOAD /usr/lib/gcc/arm-linux-gnueabihf/8/../../../arm-linux-gnueabihf/libc.so
START GROUP
LOAD //lib/arm-linux-gnueabihf/libc.so.6
LOAD //usr/lib/arm-linux-gnueabihf/libc_nonshared.a
LOAD //lib/arm-linux-gnueabihf/ld-linux-armhf.so.3
END GROUP
LOAD /usr/lib/gcc/arm-linux-gnueabihf/8/libgcc.a
LOAD /usr/lib/gcc/arm-linux-gnueabihf/8/libgcc_s.so
START GROUP
LOAD /usr/lib/gcc/arm-linux-gnueabihf/8/libgcc_s.so.1
LOAD /usr/lib/gcc/arm-linux-gnueabihf/8/libgcc.a
END GROUP
LOAD /usr/lib/gcc/arm-linux-gnueabihf/8/crtend.o
LOAD /usr/lib/gcc/arm-linux-gnueabihf/8/../../../arm-linux-gnueabihf/crtn.o
                [!provide]                PROVIDE (__executable_start = SEGMENT_START ("text-segment", 0x10000))
                0x00010154                . = (SEGMENT_START ("text-segment", 0x10000) + SIZEOF_HEADERS)

.interp         0x00010154       0x19
 *(.interp)
 .interp        0x00010154       0x19 /usr/lib/gcc/arm-linux-gnueabihf/8/../../../arm-linux-gnueabihf/crt1.o

.note.ABI-tag   0x00010170       0x20
 .note.ABI-tag  0x00010170       0x20 /usr/lib/gcc/arm-linux-gnueabihf/8/../../../arm-linux-gnueabihf/crt1.o

.note.gnu.build-id
                0x00010190       0x24
 *(.note.gnu.build-id)
 .note.gnu.build-id
                0x00010190       0x24 linker stubs

.hash
 *(.hash)

.gnu.hash       0x000101b4      0x738
 *(.gnu.hash)
 .gnu.hash      0x000101b4      0x738 /usr/lib/gcc/arm-linux-gnueabihf/8/../../../arm-linux-gnueabihf/crt1.o

.dynsym         0x000108ec      0xc90
 *(.dynsym)
 .dynsym        0x000108ec      0xc90 /usr/lib/gcc/arm-linux-gnueabihf/8/../../../arm-linux-gnueabihf/crt1.o

.dynstr         0x0001157c      0x9b5
 *(.dynstr)
 .dynstr        0x0001157c      0x9b5 /usr/lib/gcc/arm-linux-gnueabihf/8/../../../arm-linux-gnueabihf/crt1.o

.gnu.version    0x00011f32      0x192
 *(.gnu.version)
 .gnu.version   0x00011f32      0x192 /usr/lib/gcc/arm-linux-gnueabihf/8/../../../arm-linux-gnueabihf/crt1.o

.gnu.version_d  0x000120c4        0x0
 *(.gnu.version_d)
 .gnu.version_d
                0x000120c4        0x0 /usr/lib/gcc/arm-linux-gnueabihf/8/../../../arm-linux-gnueabihf/crt1.o

.gnu.version_r  0x000120c4       0xc0
 *(.gnu.version_r)
 .gnu.version_r
                0x000120c4       0xc0 /usr/lib/gcc/arm-linux-gnueabihf/8/../../../arm-linux-gnueabihf/crt1.o

.rel.dyn        0x00012184       0x60
 *(.rel.init)
 *(.rel.text .rel.text.* .rel.gnu.linkonce.t.*)
 *(.rel.fini)
 *(.rel.rodata .rel.rodata.* .rel.gnu.linkonce.r.*)
 *(.rel.data.rel.ro .rel.data.rel.ro.* .rel.gnu.linkonce.d.rel.ro.*)
 .rel.data.rel.ro
                0x00012184        0x0 /usr/lib/gcc/arm-linux-gnueabihf/8/../../../arm-linux-gnueabihf/crt1.o
 *(.rel.data .rel.data.* .rel.gnu.linkonce.d.*)
 *(.rel.tdata .rel.tdata.* .rel.gnu.linkonce.td.*)
 *(.rel.tbss .rel.tbss.* .rel.gnu.linkonce.tb.*)
 *(.rel.ctors)
 *(.rel.dtors)
 *(.rel.got)
 .rel.got       0x00012184        0x8 /usr/lib/gcc/arm-linux-gnueabihf/8/../../../arm-linux-gnueabihf/crt1.o
 *(.rel.bss .rel.bss.* .rel.gnu.linkonce.b.*)
 .rel.bss       0x0001218c       0x58 /usr/lib/gcc/arm-linux-gnueabihf/8/../../../arm-linux-gnueabihf/crt1.o
                [!provide]                PROVIDE (__rel_iplt_start = .)
 *(.rel.iplt)
 .rel.iplt      0x000121e4        0x0 /usr/lib/gcc/arm-linux-gnueabihf/8/../../../arm-linux-gnueabihf/crt1.o
                [!provide]                PROVIDE (__rel_iplt_end = .)

.rela.dyn       0x000121e4        0x0
 *(.rela.init)
 *(.rela.text .rela.text.* .rela.gnu.linkonce.t.*)
 *(.rela.fini)
 *(.rela.rodata .rela.rodata.* .rela.gnu.linkonce.r.*)
 *(.rela.data .rela.data.* .rela.gnu.linkonce.d.*)
 *(.rela.tdata .rela.tdata.* .rela.gnu.linkonce.td.*)
 *(.rela.tbss .rela.tbss.* .rela.gnu.linkonce.tb.*)
 *(.rela.ctors)
 *(.rela.dtors)
 *(.rela.got)
 *(.rela.bss .rela.bss.* .rela.gnu.linkonce.b.*)
                [!provide]                PROVIDE (__rela_iplt_start = .)
 *(.rela.iplt)
                [!provide]                PROVIDE (__rela_iplt_end = .)

.rel.plt        0x000121e4      0x5a0
 *(.rel.plt)
 .rel.plt       0x000121e4      0x5a0 /usr/lib/gcc/arm-linux-gnueabihf/8/../../../arm-linux-gnueabihf/crt1.o

.rela.plt
 *(.rela.plt)

.init           0x00012784        0xc
 *(SORT_NONE(.init))
 .init          0x00012784        0x8 /usr/lib/gcc/arm-linux-gnueabihf/8/../../../arm-linux-gnueabihf/crti.o
                0x00012784                _init
 .init          0x0001278c        0x4 /usr/lib/gcc/arm-linux-gnueabihf/8/../../../arm-linux-gnueabihf/crtn.o

.plt            0x00012790      0x884
 *(.plt)
 .plt           0x00012790      0x884 /usr/lib/gcc/arm-linux-gnueabihf/8/../../../arm-linux-gnueabihf/crt1.o
                0x000127a4                gethostname@@GLIBC_2.4
                0x000127b0                getuid@@GLIBC_2.4
                0x000127bc                fopen64@@GLIBC_2.4
                0x000127c8                endwin@@NCURSESW6_5.1.20000708
                0x000127d4                fwrite@@GLIBC_2.4
                0x000127e0                mbrtowc@@GLIBC_2.4
                0x000127ec                toupper@@GLIBC_2.4
                0x000127f8                __isoc99_sscanf@@GLIBC_2.7
                0x00012804                fprintf@@GLIBC_2.4
                0x00012810                waddnstr@@NCURSESW6_5.1.20000708
                0x0001281c                strstr@@GLIBC_2.4
                0x00012828                isatty@@GLIBC_2.4
                0x00012834                getppid@@GLIBC_2.4
                0x00012840                wbkgdset@@NCURSESW6_5.1.20000708
                0x0001284c                execvp@@GLIBC_2.4
                0x00012858                write@@GLIBC_2.4
                0x00012864                wctomb@@GLIBC_2.4
                0x00012870                can_change_color@@NCURSESW6_5.1.20000708
                0x0001287c                opendir@@GLIBC_2.4
                0x00012888                printf@@GLIBC_2.4
                0x00012894                gnome_vfs_mime_get_default_application
                0x000128a0                bsearch@@GLIBC_2.4
                0x000128ac                fclose@@GLIBC_2.4
                0x000128b8                atoll@@GLIBC_2.4
                0x000128c4                qsort@@GLIBC_2.4
                0x000128d0                getgid@@GLIBC_2.4
                0x000128dc                wclear@@NCURSESW6_5.1.20000708
                0x000128e8                __ctype_b_loc@@GLIBC_2.4
                0x000128f4                strnlen@@GLIBC_2.4
                0x00012900                nonl@@NCURSESW6_5.1.20000708
                0x0001290c                getmntent@@GLIBC_2.4
                0x00012918                iconv@@GLIBC_2.4
                0x00012924                fputc@@GLIBC_2.4
                0x00012930                dlclose@@GLIBC_2.4
                0x0001293c                beep@@NCURSESW6_5.1.20000708
                0x00012948                __xstat64@@GLIBC_2.4
                0x00012954                chown@@GLIBC_2.4
                0x00012960                strpbrk@@GLIBC_2.4
                0x0001296c                fseek@@GLIBC_2.4
                0x00012978                strerror@@GLIBC_2.4
                0x00012984                color_content@@NCURSESW6_5.1.20000708
                0x00012990                tolower@@GLIBC_2.4
                0x0001299c                putchar@@GLIBC_2.4
                0x000129a8                has_colors@@NCURSESW6_5.1.20000708
                0x000129b4                puts@@GLIBC_2.4
                0x000129c0                init_pair@@NCURSESW6_5.1.20000708
                0x000129cc                __libc_start_main@@GLIBC_2.4
                0x000129e4                setupterm@@NCURSES6_TINFO_5.0.19991023
                0x000129f0                strchr@@GLIBC_2.4
                0x000129fc                __errno_location@@GLIBC_2.4
                0x00012a08                keypad@@NCURSES6_TINFO_5.0.19991023
                0x00012a14                lutimes@@GLIBC_2.4
                0x00012a20                atol@@GLIBC_2.4
                0x00012a2c                ftello64@@GLIBC_2.4
                0x00012a38                tcsetattr@@GLIBC_2.4
                0x00012a44                curs_set@@NCURSES6_TINFO_5.0.19991023
                0x00012a50                symlink@@GLIBC_2.4
                0x00012a5c                setenv@@GLIBC_2.4
                0x00012a68                mkdir@@GLIBC_2.4
                0x00012a74                pthread_mutex_lock@@GLIBC_2.4
                0x00012a80                pipe@@GLIBC_2.4
                0x00012a8c                noecho@@NCURSESW6_5.1.20000708
                0x00012a98                gnome_vfs_get_mime_type
                0x00012aa4                waddchnstr@@NCURSESW6_5.1.20000708
                0x00012ab0                pthread_cond_wait@@GLIBC_2.4
                0x00012abc                free@@GLIBC_2.4
                0x00012ac8                iconv_close@@GLIBC_2.4
                0x00012ad4                wcwidth@@GLIBC_2.4
                0x00012ae0                close@@GLIBC_2.4
                0x00012aec                clearok@@NCURSESW6_5.1.20000708
                0x00012af8                memcpy@@GLIBC_2.4
                0x00012b04                wcstombs@@GLIBC_2.4
                0x00012b10                iconv_open@@GLIBC_2.4
                0x00012b1c                memmove@@GLIBC_2.4
                0x00012b28                strncpy@@GLIBC_2.4
                0x00012b34                winchnstr@@NCURSESW6_5.1.20000708
                0x00012b40                win_wchnstr@@NCURSESW6_5.3.20021019
                0x00012b4c                access@@GLIBC_2.4
                0x00012b58                unlink@@GLIBC_2.4
                0x00012b64                ferror@@GLIBC_2.4
                0x00012b70                strcpy@@GLIBC_2.4
                0x00012b7c                execv@@GLIBC_2.4
                0x00012b88                raise@@GLIBC_2.4
                0x00012b94                getgrgid@@GLIBC_2.4
                0x00012ba0                start_color@@NCURSESW6_5.1.20000708
                0x00012bac                atoi@@GLIBC_2.4
                0x00012bb8                dlsym@@GLIBC_2.4
                0x00012bc4                ftime@@GLIBC_2.4
                0x00012bd0                fork@@GLIBC_2.4
                0x00012bdc                signal@@GLIBC_2.4
                0x00012be8                gettimeofday@@GLIBC_2.4
                0x00012bf4                getpwuid@@GLIBC_2.4
                0x00012c00                system@@GLIBC_2.4
                0x00012c0c                malloc@@GLIBC_2.4
                0x00012c18                localtime@@GLIBC_2.4
                0x00012c24                getcwd@@GLIBC_2.4
                0x00012c30                tcgetattr@@GLIBC_2.4
                0x00012c3c                pthread_cond_init@@GLIBC_2.4
                0x00012c48                kill@@GLIBC_2.4
                0x00012c54                strdup@@GLIBC_2.4
                0x00012c60                strlen@@GLIBC_2.4
                0x00012c6c                pthread_mutex_destroy@@GLIBC_2.4
                0x00012c78                chdir@@GLIBC_2.4
                0x00012c84                chmod@@GLIBC_2.4
                0x00012c90                mktime@@GLIBC_2.4
                0x00012c9c                wadd_wchnstr@@NCURSESW6_5.3.20021019
                0x00012ca8                closedir@@GLIBC_2.4
                0x00012cb4                getpid@@GLIBC_2.4
                0x00012cc0                winnstr@@NCURSESW6_5.1.20000708
                0x00012ccc                __lxstat64@@GLIBC_2.4
                0x00012cd8                select@@GLIBC_2.4
                0x00012ce4                readlink@@GLIBC_2.4
                0x00012cf0                iswalpha@@GLIBC_2.4
                0x00012cfc                fseeko64@@GLIBC_2.4
                0x00012d08                dup@@GLIBC_2.4
                0x00012d14                sprintf@@GLIBC_2.4
                0x00012d20                snprintf@@GLIBC_2.4
                0x00012d2c                fflush@@GLIBC_2.4
                0x00012d38                mbtowc@@GLIBC_2.4
                0x00012d44                curses_version@@NCURSES6_TINFO_5.0.19991023
                0x00012d50                perror@@GLIBC_2.4
                0x00012d5c                setlocale@@GLIBC_2.4
                0x00012d68                vfprintf@@GLIBC_2.4
                0x00012d74                mousemask@@NCURSESW6_5.1.20000708
                0x00012d80                gnome_vfs_mime_application_free
                0x00012d8c                strcmp@@GLIBC_2.4
                0x00012d98                initscr@@NCURSESW6_5.1.20000708
                0x00012da4                memcmp@@GLIBC_2.4
                0x00012db0                memset@@GLIBC_2.4
                0x00012dbc                wrefresh@@NCURSESW6_5.1.20000708
                0x00012dc8                getenv@@GLIBC_2.4
                0x00012dd4                rename@@GLIBC_2.4
                0x00012de0                flock@@GLIBC_2.4
                0x00012dec                mkfifo@@GLIBC_2.4
                0x00012df8                time@@GLIBC_2.4
                0x00012e04                meta@@NCURSES6_TINFO_5.0.19991023
                0x00012e10                wait@@GLIBC_2.4
                0x00012e1c                statfs64@@GLIBC_2.4
                0x00012e28                pthread_cond_broadcast@@GLIBC_2.4
                0x00012e34                fread@@GLIBC_2.4
                0x00012e40                gnome_vfs_init
                0x00012e4c                pthread_create@@GLIBC_2.4
                0x00012e58                strcat@@GLIBC_2.4
                0x00012e64                abort@@GLIBC_2.4
                0x00012e70                init_color@@NCURSESW6_5.1.20000708
                0x00012e7c                gnome_vfs_get_uri_from_local_path
                0x00012e88                waitpid@@GLIBC_2.4
                0x00012e94                gnome_vfs_get_file_info
                0x00012ea0                pthread_cond_timedwait@@GLIBC_2.4
                0x00012eac                exit@@GLIBC_2.4
                0x00012eb8                calloc@@GLIBC_2.4
                0x00012ec4                setmntent@@GLIBC_2.4
                0x00012ed0                rmdir@@GLIBC_2.4
                0x00012edc                strrchr@@GLIBC_2.4
                0x00012ee8                wmove@@NCURSESW6_5.1.20000708
                0x00012ef4                dup2@@GLIBC_2.4
                0x00012f00                getmntent_r@@GLIBC_2.4
                0x00012f0c                fgets@@GLIBC_2.4
                0x00012f18                raw@@NCURSES6_TINFO_5.0.19991023
                0x00012f24                utimes@@GLIBC_2.4
                0x00012f30                endmntent@@GLIBC_2.4
                0x00012f3c                memchr@@GLIBC_2.4
                0x00012f48                read@@GLIBC_2.4
                0x00012f54                readdir64@@GLIBC_2.4
                0x00012f60                pthread_mutex_unlock@@GLIBC_2.4
                0x00012f6c                wcrtomb@@GLIBC_2.4
                0x00012f78                nl_langinfo@@GLIBC_2.4
                0x00012f84                pthread_mutex_init@@GLIBC_2.4
                0x00012f90                fileno@@GLIBC_2.4
                0x00012f9c                mkstemp64@@GLIBC_2.4
                0x00012fa8                strspn@@GLIBC_2.4
                0x00012fb4                open64@@GLIBC_2.4
                0x00012fc0                ioctl@@GLIBC_2.4
                0x00012fcc                fputs@@GLIBC_2.4
                0x00012fd8                nanosleep@@GLIBC_2.4
                0x00012fe4                iswprint@@GLIBC_2.4
                0x00012ff0                putenv@@GLIBC_2.4
                0x00012ffc                ttyname@@GLIBC_2.4
                0x00013008                dlopen@@GLIBC_2.4

.iplt           0x00013014        0x0
 *(.iplt)
 .iplt          0x00013014        0x0 /usr/lib/gcc/arm-linux-gnueabihf/8/../../../arm-linux-gnueabihf/crt1.o

.text           0x00013018    0xb0330
 *(.text.unlikely .text.*_unlikely .text.unlikely.*)
 *(.text.exit .text.exit.*)
 *(.text.startup .text.startup.*)
 *(.text.hot .text.hot.*)
 *(.text .stub .text.* .gnu.linkonce.t.*)
 .text          0x00013018       0x3c /usr/lib/gcc/arm-linux-gnueabihf/8/../../../arm-linux-gnueabihf/crt1.o
                0x00013018                _start
 .text          0x00013054       0x24 /usr/lib/gcc/arm-linux-gnueabihf/8/../../../arm-linux-gnueabihf/crti.o
 .text          0x00013078       0x90 /usr/lib/gcc/arm-linux-gnueabihf/8/crtbegin.o
 .text          0x00013108     0x67bc xci.o
                0x00013108                main
                0x000134ec                fmtmain
                0x00013564                formatDataSub
                0x00013694                scanData
                0x00014f20                macroProcess
                0x0001539c                macroSelection
                0x0001574c                macroSelectionSub
                0x000159a4                macroContinueData
                0x00015a1c                backStmtNest
                0x00015aa4                chkControlStmt
                0x00015d1c                chkMacroStmt
                0x00015eec                chkMacroText
                0x00016398                srchMacroParm
                0x00016488                updateStmtNest
                0x0001748c                resetEntry
                0x00017608                updateNest
                0x000176ec                updatePNest
                0x00017804                getTabColumn
                0x000178e0                enqPrint
                0x00017d30                chkTabShift
                0x00017e88                chkTabShiftSLC
                0x0001814c                funcRead
                0x000182dc                funcWrite
                0x0001867c                xci_errmsg
                0x0001889c                openoutfile
                0x000189d8                parmprechk
                0x00018bd0                opdchk
                0x00018df8                fmtopdchk4
                0x00019394                opderr
                0x000193c8                help
 .text          0x000198c4      0xe50 ../ulib/libuserxe.a(libuserxe_a-uallocl.o)
                0x000198c4                ualloc_init
                0x00019b18                ugetallocdata
                0x00019c50                ualloc_chk
                0x00019e18                umalloc
                0x0001a05c                ucalloc
                0x0001a2cc                ufree
                0x0001a4fc                uallocsz
                0x0001a548                ufreesz
                0x0001a598                uallocmapset
                0x0001a6ac                ufreesizeerr
                0x0001a6e0                umallocsizeerr
 .text          0x0001a714     0x29f8 ../ulib/libuserxe.a(libuserxe_a-uerr.o)
                0x0001a714                uerr
                0x0001a72c                ubell_init
                0x0001a76c                ubell_init2
                0x0001a79c                ubell
                0x0001a8b4                uerrexit_init
                0x0001a97c                uerrexit_optinit
                0x0001a9ac                uerrsetopt2
                0x0001aa10                uerrexit
                0x0001ac08                uerrmsg_init
                0x0001ade8                uerrmsg
                0x0001aff8                uerrmsg2
                0x0001b178                uerrmsgcat
                0x0001b284                uerrsprintf
                0x0001b370                uerrfprintfutf
                0x0001b7dc                uerrhelpmsg
                0x0001bcc8                uerrscrheight
                0x0001bd78                useterrmsg
                0x0001bdec                ugeterrmsg
                0x0001be38                ugeterrmsg2
                0x0001be78                uerrmsgedit
                0x0001c80c                uconfirmmsg
                0x0001cb24                uerrornomsg
                0x0001cb4c                ugeterrdescription
                0x0001cbd0                uerrapi1
                0x0001cc18                uerrapi1x
                0x0001cc5c                uerrapi0
                0x0001cc98                uerrapi0x
                0x0001ccd0                uerrapi1t
                0x0001cd40                uerrapi1nt
                0x0001cd94                uerrapi1tx
                0x0001ce00                uerrapi0t
                0x0001ce68                uerrapi0tx
                0x0001cecc                uerrnotsupported
                0x0001cf10                uerrmsg_initstart
                0x0001cfd4                uerrmsg_initstack
                0x0001d038                uerrmsg_initcomp
 *fill*         0x0001d10c        0x4 
 .text          0x0001d110      0xec0 ../ulib/libuserxe.a(libuserxe_a-ufemsg.o)
                0x0001d110                ufemsg
                0x0001d128                ufilenotfound
                0x0001d164                ufilenotfoundotherexist
                0x0001d1a0                ufilepatherr
                0x0001d1dc                ufileapierr
                0x0001d224                ufileapierr_str
                0x0001d27c                ufiledelpath
                0x0001d2b8                ufilereadonly
                0x0001d2f4                ufilereadonly2
                0x0001d334                ufiledeleted
                0x0001d464                ufileshare
                0x0001d4a0                ufileexist
                0x0001d4dc                ufileexistcopy
                0x0001d518                ufileexist2
                0x0001d55c                ufileexistdir
                0x0001d598                ufilenotdir
                0x0001d5d4                ufilediskfull
                0x0001d618                ufilewildtarget
                0x0001d64c                ufilewildcarderr
                0x0001d680                ufilewildpatherr
                0x0001d6b4                ufileroot
                0x0001d6f0                ufileapierr2
                0x0001d744                ufiledirna
                0x0001d790                ufileerrdir
                0x0001d7cc                ufilenotvfat
                0x0001d7f4                ufilenopermission
                0x0001d838                ufileslinkloop
                0x0001d890                ufileerrspecialfile
                0x0001d8cc                ufileerrnotnormal
                0x0001d908                ufileerrdir2file
                0x0001d938                ufileerrnoentry
                0x0001d970                ufileerrnofileentry
                0x0001d9a8                ufileTooLongFullpathName
                0x0001da00                ufileTooLongFullpathName2
                0x0001db60                ufileeditsz
                0x0001def8                ufileslinktargeterr
                0x0001df3c                ufileopenerrInvalidargument
                0x0001df98                ufileErrInvalidName
 .text          0x0001dfd0     0x3508 ../ulib/libuserxe.a(libuserxe_a-ufile.o)
                0x0001dfd0                ufile
                0x0001dfe8                ufullpathwildexp
                0x0001e69c                ufullpathresolvespecialdirid
                0x0001e858                ufilegetpathdir
                0x0001ea44                udirlistnomsg
                0x0001eaa4                udirlist
                0x0001ec58                udirlistsub
                0x0001f14c                udirlist_set_slinkname
                0x0001f2a0                ufile_udirlist_copy
                0x0001f4fc                ufile_udirlist_swap
                0x0001f6e0                ufile_udirlist_alloc1
                0x0001f774                ufile_udirlist_free
                0x0001f870                udircompare_pointer
                0x0001f8e0                udirlistsort
                0x0001faa4                udircomp
                0x0001fae8                udircompare
                0x00020568                udircompsub
                0x00020690                uredirect
                0x00020ad8                uredirectrestore
                0x00020bf4                ufdateedit
                0x00020f34                uftimeedit
                0x0002116c                uftimeedit_1sec
                0x000211c8                udirlist_chk_max_entry
                0x00021230                udirlist_setname
                0x0002140c                udirlist_setname_cat
 .text          0x000214d8     0x1b00 ../ulib/libuserxe.a(libuserxe_a-ufile1f.o)
                0x000214d8                uftpfstat
                0x000217f8                uftpwinchk
                0x00021924                uftpfullpathnorid
                0x00021984                uftpfullpath
                0x0002204c                uftppathlen
                0x0002209c                uftpgetcwd
                0x0002219c                uftpgethome
                0x0002221c                uftpgethomesub
                0x000223f0                uftpchdir
                0x000225bc                uftpchdirsub
                0x0002278c                uftplchdirrespchk
                0x00022998                uftpdirlistsub
                0x00022d78                uftpfindfirst
                0x00022ec8                uftpfindfirstfile
                0x00022f50                uftpfindnext
 .text          0x00022fd8     0x4344 ../ulib/libuserxe.a(libuserxe_a-ufile1l.o)
                0x00022fd8                ufstat
                0x00023848                ufilechkwildmultiple
                0x00023ae4                ufstat_wild
                0x00023b74                ufilefscomp
                0x00023bec                ufilegetfsid
                0x00023ccc                ufilegetftime
                0x00023ddc                ufullpath
                0x000247e4                upathlen
                0x00024834                ugetcwd
                0x00024860                uchdir
                0x0002498c                udosfindfirstnomsg
                0x000249fc                udosfindfirst
                0x00025178                udosfindnext
                0x000251e8                udosfindnextmsg
                0x000255ec                ufilelnxwildselect
                0x00025658                ufilelnxattrselect
                0x00025830                ufilelnxgetmembfstat
                0x00025a5c                ufilelnxsavehdir
                0x00025b8c                ufilelnxsrchhdir
                0x00025c94                ufilelnxclosehdir
                0x00025dd4                ufilemode2attr
                0x00025f80                ufilemktime
                0x00026038                ufilerepwildname
                0x00026138                errwildname
                0x00026340                filesrchmountpoint
                0x00026518                filegetdevt
                0x0002679c                filegetdevicename
                0x00026948                filegetdevicemntent
                0x00026a68                filegetmntent
                0x00026c3c                filegetmntoption
                0x00026da0                ufilegetiocharset
                0x00026ea4                ufilefnmcvcs
                0x000270e8                ufullpathCP
 .text          0x0002731c     0x1f08 ../ulib/libuserxe.a(libuserxe_a-ufile1l2.o)
                0x0002731c                mtoolsinit
                0x00027348                ufstat_mdos
                0x00027894                ufilegetmdosattr
                0x00027998                uopendir_mdos
                0x00027c94                ureaddir_mdos
                0x00027ed8                ufilegetmdosdl
                0x00028438                ufilegetmdosattrlist
                0x00028630                ugetcwd_mdos
                0x000287ac                uchdir_mdos
                0x00028848                ustatfs_mdos
                0x00028a88                uminfo
                0x00028d64                ufilegetnum
                0x00028e68                ufilemdoscmd
                0x000290c0                ufilemdoserrchk
 .text          0x00029224     0x4588 ../ulib/libuserxe.a(libuserxe_a-ufile2.o)
                0x00029224                ufile2
                0x0002923c                uxddpchk
                0x0002968c                uxddsub
                0x00029edc                uxdelete
                0x0002ac5c                ufilewildxdel
                0x0002ae90                uxdelsub
                0x0002b838                uremovenomsg
                0x0002b88c                uremove
                0x0002baec                urenamenomsg
                0x0002bb44                urename2
                0x0002bb9c                urename
                0x0002c2a0                ufilewildrename
                0x0002c2d8                uwildfunc
                0x0002c6d4                ufilecdirchk
                0x0002ca6c                ufilespfnchk
                0x0002ca94                wildchk
                0x0002cc2c                ufilechkwildmemb
                0x0002cd5c                ufilechkwildname
                0x0002cef0                ufileopenexclusivewrite
                0x0002cfac                ufiledelifnotopened
                0x0002d088                ufile2quietmsg
                0x0002d1b8                ugetmoveavailablepath
                0x0002d6a4                uwildfunc_LongName
 .text          0x0002d7ac     0x47cc ../ulib/libuserxe.a(libuserxe_a-ufile2f.o)
                0x0002d7ac                uftpmkdir
                0x0002dda4                uftprmdir
                0x0002e1b0                uftpremove
                0x0002e5f4                uftprename
                0x0002e9a0                uftprenamesub
                0x0002ed74                uftpwildrename
                0x0002edc4                uftpattrib
                0x0002f0d0                uftpattrxon
                0x0002f118                uftpattrxchk
                0x0002f2f0                uftpgetftime
                0x0002f444                uftpgetftime_1sec
                0x0002f5bc                uftpsetftime
                0x0002f634                uftpsetftime2
                0x0002f6ac                uftpcopypathinfo
                0x0002f7d4                uftpsetown
                0x0002f84c                uftpsetmod
                0x0002fd2c                uftpwildfunc
                0x0002ff58                uftpwildfunc2
                0x000302d0                uftpmultidel
                0x000303e8                uftpmultirename
                0x00030500                uftpwildxdel
                0x0003083c                uftpmultidelsub
                0x000309c8                uftpmultirenamesub
                0x00030c08                uftpbypassreason
                0x00030c94                uftpxdelrchk
                0x000310a0                uftpmultidelrchk
                0x0003133c                uftpmultirenamerchk
                0x000315e4                ufile2putstmt
                0x00031724                uftpnotsupported
                0x0003177c                uftpnotsupportedforlocal
                0x000317d4                uftpdelsubdir
                0x00031a54                ufile3xdeleteinit
                0x00031ae0                uxdelsubftp
                0x00031f30                errtoolongname
 .text          0x00031f78     0x19d8 ../ulib/libuserxe.a(libuserxe_a-ufile2l.o)
                0x00031f78                umkdir
                0x00031fe4                umkdirmode
                0x00032318                urmdir
                0x000327bc                uattrib
                0x00032b08                uattrxon
                0x00032b80                uattrxchk
                0x00032d60                ugetftime
                0x00032e98                ugetftime_1sec
                0x00033018                usetftime
                0x00033194                usetftime_1sec
                0x000331f0                usetftime2
                0x0003334c                ucopypathinfo
                0x00033758                ufilesetown
                0x00033850                ufilesetmod
 .text          0x00033950      0xbc8 ../ulib/libuserxe.a(libuserxe_a-ufile2l2.o)
                0x00033950                umkdir_mdos
                0x00033a1c                urmdir_mdos
                0x00033b30                uattrib_mdos
                0x00033d34                uremove_mdos
                0x00033e48                urename_mdos
                0x00033ee0                ucopy_mdos
                0x00034174                uappend_mdos
                0x000344bc                ufilemdoscopyerr
 .text          0x00034518     0x4dd0 ../ulib/libuserxe.a(libuserxe_a-ufile3.o)
                0x00034518                ufile3
                0x00034530                invalidtargetfilename
                0x00034568                uxcopy
                0x00035458                ufilecreateparmproc
                0x00035bc4                ufilecpymvflags
                0x00035e90                ufilewildcopy
                0x00036130                ucopysub_slinktarget
                0x000362d0                ucopysub_slink
                0x000365c8                ucopysub
                0x00036cec                udoscopy
                0x000370a4                uxmove
                0x00037abc                ufilewildmove
                0x00037c4c                umovesub_slink
                0x00038388                umovesub
                0x00038ab8                ufilecopytschk
                0x00038bd0                ufilechkslinkpath
                0x00038e18                ufilegetslinkfinaltarget
                0x00038fa0                ufilesymlink
                0x00039024                ufilesymlink_copyfiletime
                0x0003911c                ufilesymlink_copy
                0x000391c8                ufileerrdirandfile
                0x00039208                ufileerrslinktarget
                0x0003924c                ufileerrslinkappend
                0x0003928c                ufileerrnotargetslink
 .text          0x000392e8     0x539c ../ulib/libuserxe.a(libuserxe_a-ufile3f.o)
                0x000392e8                uftpxmove
                0x000394b0                uftpxcopy
                0x000397a8                uftpxcopyr2r
                0x00039a2c                uftpupload
                0x0003a0cc                uftpdownload
                0x0003a71c                uftptargetflag
                0x0003aaa4                uftpsourceflag
                0x0003ae5c                uftps2tchk
                0x0003b450                uftpcreateparmproc
                0x0003b894                uftpmoveparmproc
                0x0003bb48                uftpupdownctl
                0x0003c44c                uftpgetdirlist
                0x0003c520                uftpexistchk1
                0x0003c77c                uftpexistchkm
                0x0003ccdc                uftpcopycallback
                0x0003d500                uftpcopyrchk
                0x0003dc94                uftpputstmt
                0x0003ddd8                uftpputstmt2
                0x0003df78                uftpcopyftime
                0x0003e2c4                ufileftpcopytschk
                0x0003e500                uftpmktdir
                0x0003e560                uftperrsourceisroot
                0x0003e588                uftperrtargetisnotdir
                0x0003e5bc                uftperrdir2file
                0x0003e5fc                uftpfileanddir
                0x0003e648                uftpappenddir2dir
 .text          0x0003e684     0x2acc ../ulib/libuserxe.a(libuserxe_a-ufile4.o)
                0x0003e684                ufile4
                0x0003e69c                utempnam
                0x0003e97c                utempnamd
                0x0003e9d4                ufgetpos
                0x0003ea04                udirwalk
                0x0003f13c                udirwalksub
                0x000401ec                ufileslinkoutoflinkchk
                0x0004068c                ufileslinkloopchk
                0x00040b30                ufileslinkloopchk2
                0x00040c40                ugetdiskfree
                0x00040dd4                ufileisvfat
                0x00040e08                ufileisntfs
                0x00040e2c                ufileisvfatMounted
                0x00040eac                ufileisntfsMounted
                0x00040f2c                ufileisMSMounted
                0x00040fd8                ufsetlock
                0x00041040                uflock
 .text          0x00041150     0x4e20 ../ulib/libuserxe.a(libuserxe_a-ufile5.o)
                0x00041150                ufile5
                0x00041168                ufgetsinit
                0x00041584                ufgetscurpos
                0x000415ac                ufgets_setcurpos
                0x00041630                ufgets
                0x000419f4                ufgetssub
                0x00041fdc                ufgetsbinchk_utf8
                0x000422b4                ufgetsbinchk_ebc
                0x000424d4                ufgetsbinchk
                0x0004298c                isSameU8c
                0x00042bd4                udoseditname
                0x00043498                ufileeditname
                0x00043960                ufilewildcomp
                0x00043ce0                ufilewildcompsub
                0x00043eb0                ufilecomp
                0x00044388                ufilecomptextmode
                0x00044730                ufilecomptextmodefixed
                0x000449bc                ufilecomptextmodesub
                0x00044b00                ufreads
                0x00044de0                ufgetsVHeader
                0x00045068                ufgetsVRecord
                0x00045360                ufgetsV
                0x000455e0                ufile5chkvfmt
                0x00045740                ufile5getVfmtstr
                0x00045804                ufseek
                0x00045840                uftell
                0x00045870                fileeditname_copypath
                0x00045e8c                fileeditname_copypath_err
                0x00045ef0                filetouch
 .text          0x00045f70     0x4f50 ../ulib/libuserxe.a(libuserxe_a-uftp.o)
                0x00045f70                uftpfstatroot
                0x00046018                uftplshome
                0x00046180                uftpfstatudl
                0x000464c4                uftpisexist
                0x000465e0                uftpopendir
                0x00046bb8                uftpreaddir
                0x00046d1c                uftpattrselect
                0x00046ee4                uftpgetslinkattr
                0x000472c4                uftpdirlistslink
                0x000478b4                uftpsortslink
                0x0004790c                uftpslinkcomp
                0x00047990                uftpslinklscmd
                0x00047cc8                uftplsoutchk
                0x0004803c                uftpmodtimerchk
                0x00048518                uftpmodtimeerr
                0x0004856c                uftplsoutchkslinkerrskip
                0x00048698                uftplsoutchkslink
                0x00048798                uftpsavehdir
                0x000488e0                uftpsrchhdir
                0x0004898c                uftpclosehdir
                0x000489f0                uftpmode2attr
                0x00048b6c                uftpudl2ffb3
                0x00048d1c                uftpgetpathname
                0x00048de4                uftpnodesrch
                0x00048e94                uftpnodeadd
                0x00048f4c                uftpnodedel
                0x00048fa8                uftpnodeclear
                0x00048fc4                uftpgethostqhaddr
                0x00048fe4                uftphoststbinit
                0x00049304                uftpgethostsdata
                0x0004a370                uftgetstringopd
                0x0004a5f0                uftpipachk
                0x0004a810                uftpgetportno
                0x0004a89c                uftpisremote
                0x0004aa28                uftpisrootdir
                0x0004aaac                uftphostscrypt
                0x0004ad88                uftptempnam
                0x0004ade4                uftp_mempswd
                0x0004ae7c                uftp_udirlist_setname
 .text          0x0004aec0     0x2c2c ../ulib/libuserxe.a(libuserxe_a-uftp2.o)
                0x0004aec0                uftpinit
                0x0004b010                uftpterm
                0x0004b058                uftplog
                0x0004b42c                uftpnodeinit
                0x0004b614                uftpcmd
                0x0004bd4c                uftpcmdrespchk
                0x0004be58                uftpcmdresphdrchk
                0x0004bf80                uftpcmdsrchrespid
                0x0004c1e0                uftpsimplerespchk
                0x0004c2b8                uftpnextstdo
                0x0004c388                uftpsrchfname
                0x0004c550                uftpsrchfnameslink
                0x0004c7d8                uftpgetdl
                0x0004caf8                uftpgetdl1
                0x0004d200                uftpgetmode
                0x0004d548                uftpgetdlftime
                0x0004d6ec                uftpgetmonth
                0x0004d768                uftpgetwday
                0x0004d7e0                uftpajustjst
                0x0004da3c                uftpmktempwd
                0x0004da88                uftpdeltempwd
 .text          0x0004daec     0x5ab0 ../ulib/libuserxe.a(libuserxe_a-uftp3.o)
                0x0004daec                uftp3setssh
                0x0004ddac                uftp3editpsftpcmd
                0x0004deec                uftp3cmdrespchk
                0x0004e008                uftp3cmdresphdrchk
                0x0004e15c                uftp3srchcmdecho
                0x0004e2b0                uftp3gethomesub
                0x0004e410                uftp3simplerespchk
                0x0004e57c                uftp3simplerespchkOK
                0x0004e718                uftp3simplerespchkCHNG
                0x0004e8a8                uftp3lchdirrespchk
                0x0004e914                uftp3getputrespchk
                0x0004ea30                uftp3cdrespchk
                0x0004eb6c                uftp3setsmb
                0x0004ec28                uftp3smb_setcmd
                0x0004f0a8                uftp3smb_editcmdline
                0x0004f360                uftp3smb_nodeinit
                0x0004f40c                uftp3smbcmd
                0x0004f490                uftp3smb_cmd
                0x0004f998                uftp3smb_chkstatuserr
                0x0004fbe0                uftp3smb_srchresp
                0x0004fe08                uftp3smb_stderrlog
                0x0004fe80                uftp3smb_getdltime
                0x00050024                uftp3smb_getdltimestat
                0x00050174                uftp3smb_setdltime
                0x000502a4                uftp3smb_getmode
                0x000504d4                uftp3smb_getdirlistctr
                0x0005051c                uftp3smb_getdl1
                0x00050790                uftp3smb_fstatudl
                0x00050aa0                uftp3smb_fstatudl_byls
                0x00050cd0                uftp3smb_fstatudl_byls_root
                0x00050f6c                uftp3smb_lsoutchk
                0x000510f0                uftp3smb_getdlattr
                0x000511e8                uftp3smb_fstatdircallback
                0x00051488                uftp3smb_fstatdirrchk
                0x000518d0                uftp3smb_fstatoutchk
                0x00051dd4                uftp3smb_putstmt
                0x0005237c                uftp3smb_respchk_srchnext
                0x000526b4                uftp3smb_respchk
                0x00052adc                uftp3smb_lchdirrespchk
                0x00052b2c                uftp3smb_strfname
                0x00052ddc                uftp3smb_enclosefnm
                0x00052f1c                uftp3smb_editcmdparm
                0x000530bc                uftp3smb_dirnameforlist
                0x0005318c                uftp3smb_mode2attr_winsub
                0x0005321c                uftp3smb_mode2attr_win
                0x0005326c                uftp3smb_strattr
                0x00053354                uftp3smb_setmod_win
 .text          0x0005359c      0x4b0 ../ulib/libuserxe.a(libuserxe_a-ugcclib.o)
                0x0005359c                strupr
                0x00053604                strlwr
                0x0005366c                memicmp
                0x00053738                stricmp
                0x000537c8                itoa
                0x0005385c                kbhit
                0x00053874                getch_nc
                0x00053894                getche
                0x000538b4                spawnvp
                0x0005390c                spawnv
 .text          0x00053a4c     0x1d30 ../ulib/libuserxe.a(libuserxe_a-ukbdl.o)
                0x00053a4c                ukbdpeek
                0x00053a78                ukbdcharin
                0x00053c20                ukbdl_init
                0x00053d0c                ukbdl_term
                0x00053d24                ukbdl_setkbmode
                0x00053dac                ukbdl_shellmode
                0x00053eb8                ukbdl_setgetchmode
                0x00053f78                ukbdl_tcgetattr
                0x00054018                ukbdl_tcsetattr
                0x000540bc                ukbdl_getch_init
                0x00054110                ukbdl_getche_init
                0x00054164                ukbdl_getch_term
                0x000541b0                ukbdl_getche_term
                0x000541fc                ukbdl_kbhit
                0x0005424c                ukbdl_getch
                0x000542ec                ukbdl_getche
                0x0005438c                ukbdl_gettermid
                0x000544d0                ukbdl_gettermsim
                0x00054a08                ukbdl_editstring
                0x00054ad0                ukbdsetstatus
                0x00054b88                ukbdl_wcinit
                0x00054c88                ukbdl_readutf8
                0x0005527c                ukbdl_readdbcs
                0x00055584                ukbd_simutf8_f2l
 .text          0x0005577c     0x8020 ../ulib/libuserxe.a(libuserxe_a-ukbdlnxc.o)
                0x0005577c                ukbdlnxc_gettbl
                0x00055818                ukbdlnxc_init
                0x000559c8                ukbdlnxc_term
                0x00055a44                ukbdlnxc_getnext
                0x00055acc                ukbdlnxc_read
                0x00055c80                ukbdlnxc_readkbd
                0x00056b14                ukbdlnxc_optproc
                0x00056c90                ukbdlnxc_setupckt
                0x00057354                ukbdlnxc_setupcktsub
                0x000575c0                ukbdlnxc_setupcktx
                0x00059c7c                cktovferr
                0x00059cf8                ukbdlnxc_addstrtbl
                0x00059fd0                ukbdlnxc_dupstrchk
                0x0005a32c                ukbdlnxc_cleanup
                0x0005a3b4                ukbdlnxc_termexit
                0x0005a3e8                ukbdlnxc_getplainsym
                0x0005a6bc                ukbdlnxc_chkothersym
                0x0005a728                ukbdlnxc_xbsdel
                0x0005a82c                ukbdlnxc_delopt
                0x0005a910                ukbdlnxc_setfunckey
                0x0005aaf4                ukbdlnxc_setfuncstr
                0x0005aed8                ukbdlnxc_setcompose
                0x0005af70                ukbdlnxc_getkeysym
                0x0005b050                ukbdlnxc_setkeysym
                0x0005b130                ukbdlnxc_getstring
                0x0005b200                ukbdlnxc_setstring
                0x0005b2f8                ukbdlnxc_getdiacr
                0x0005b3a4                ukbdlnxc_setdiacr
                0x0005b450                ukbdlnxc_setmetamode
                0x0005b65c                ukbdlnxc_getconsole
                0x0005b7e0                ukbdlnxc_getptty
                0x0005b91c                ukbdlnxc_open
                0x0005b9a4                ukbdlnxc_chkconsole
                0x0005b9cc                ukbdlnxc_save1st
                0x0005bd68                ukbdlnxc_restorelast
                0x0005c324                ukbdlnxc_lockfwrite
                0x0005c3a8                ukbdlnxc_lockfread
                0x0005c42c                ukbdlnxc_pidsetlock
                0x0005c518                ukbdlnxc_pidresetlock
                0x0005c5b8                ukbdlnxc_pidchklock
                0x0005c670                ukbdlnxc_chngttkey
                0x0005d23c                ukbdlnxc_setrctl
                0x0005d370                ukbdlnxc_setrctlstr
                0x0005d774                uttyname
 .text          0x0005d79c      0x848 ../ulib/libuserxe.a(libuserxe_a-ukbdlnxm.o)
                0x0005d79c                ukbdlnxm_mouseopt
                0x0005d8ac                ukbdlnxm_mouseinit
                0x0005d914                ukbdlnxm_mouseterm
                0x0005d974                ukbdlnxm_getmouse
                0x0005ddcc                clickchk
 .text          0x0005dfe4     0x22e0 ../ulib/libuserxe.a(libuserxe_a-uparse.o)
                0x0005dfe4                uparsein
                0x0005e28c                uparseindir
                0x0005e400                uparsev
                0x0005e5c8                uparse2
                0x0005e704                uparse
                0x0005f40c                uparsefname
                0x0005f598                uparsecmd
                0x0005fd08                uparsecmdin
                0x0005ff60                uparsegetopt
 .text          0x000602c4     0x3754 ../ulib/libuserxe.a(libuserxe_a-uproc.o)
                0x000602c4                usystem2
                0x00060400                usystem
                0x00060514                uspawnl
                0x00060640                uspawnlp
                0x0006076c                uspawnvp
                0x00060868                uprocopt
                0x00060934                uspawnrc
                0x00060b5c                uprocerrmem
                0x00060b98                uprocerrnotf
                0x00060bd4                uexecchk
                0x00060fdc                uextdirsrch
                0x0006101c                ucmdnmcomp
                0x00061198                ugetexepath
                0x000611bc                uproc_getpsinfo
                0x00061714                uproc_srchpsinfo
                0x000618a4                uproc_freepsinfo
                0x00061914                usystem_redirect
                0x00061bfc                uspawn_redirect
                0x00061fd4                uproc_redirectoutchk
                0x00062950                uspawnvp_pipe
                0x00062da4                uspawnvp_pipeclose
                0x00062e70                usystem_cmdserverinit
                0x00062f14                usystem_cmdserverterm
                0x00063050                usystem_cmdserversetup
                0x000634c0                usystem_cmdtocmdserver
                0x0006354c                usystem_cmdserverreq
                0x00063958                usystem_cmdserverreqwithoutbuff
                0x000639ec                usystem_pidalivechk
 .text          0x00063a18     0x142c ../ulib/libuserxe.a(libuserxe_a-uproc2.o)
                0x00063a18                uprocparseredirect
                0x00063e20                uproc_rsh
                0x00064540                uproc_redirectrewrite
                0x00064668                uproc_rshlog
                0x00064738                ugetpid
                0x00064784                uprocredirectchk
                0x000647d4                uproc_loaddllpath
                0x00064a3c                uproc_loaddll
                0x00064bec                uproc_getdllproc
                0x00064cd8                uproc_freedll
                0x00064d34                uproc_getprocaddr
 .text          0x00064e44     0x11dc ../ulib/libuserxe.a(libuserxe_a-uproc4.o)
                0x00064e44                uproc_shcmd
                0x00064f4c                uproc_shserverinit
                0x00064ff0                uproc_shserverterm
                0x000650c8                uproc_shserversetup
                0x00065588                uproc_shserverreq
                0x000659cc                uproc_srchprocessw
                0x00065a90                uproc_srchprocess
                0x00065b74                uproc_select
                0x00065f38                uproc4_fdset
                0x00065fa8                uproc4_fdisset
 .text          0x00066020      0x9d4 ../ulib/libuserxe.a(libuserxe_a-uque.o)
                0x00066020                uque
                0x00066038                uenq
                0x0006630c                udeq
                0x000665e8                uqscan
                0x0006670c                uqfree
                0x00066764                uqufree
                0x000667bc                uenqchain
                0x000668d4                uenqent
                0x00066974                uqhmove
 .text          0x000669f4      0x274 ../ulib/libuserxe.a(libuserxe_a-ustrcpy.o)
                0x000669f4                ustring_memcpy
                0x00066ab0                ustring_strncpy
                0x00066bd0                ustring_strcpy
 .text          0x00066c68     0x2778 ../ulib/libuserxe.a(libuserxe_a-ustring.o)
                0x00066c68                ustring
                0x00066c80                ustrnchr
                0x00066d08                ustrnpbrk
                0x00066de4                ustrnspn
                0x00066ee0                ustrrspn
                0x00066f80                ustrnrspn
                0x00067030                umemrspn
                0x000670e8                umemspnc
                0x00067174                umemspn_spacetab
                0x00067204                umemrspnc
                0x00067294                ustrnstr
                0x0006739c                ustrrstr
                0x0006742c                ustrnrstr
                0x00067518                ustrstri
                0x00067670                ustrnstri
                0x00067764                ustrrstri
                0x000677f4                ustrnrstri
                0x000678e0                ustrnrchr
                0x000679d4                umemchr_utf
                0x00067b70                ustrchr2
                0x00067cb8                ustrnchr2
                0x00067d04                umemchr2
                0x00067e44                ustrrchr2
                0x00067f84                ustrnrchr2
                0x00067fd0                umemrchr2
                0x000680e4                umemrchr
                0x00068164                umempbrk
                0x00068230                umemrpbrk
                0x00068300                ustrnlen
                0x00068354                umemstr
                0x00068398                umemstri
                0x000683dc                umemrstr
                0x00068420                umemrstri
                0x00068464                umemmem
                0x00068554                umemmemi
                0x00068754                umemrmem
                0x0006884c                umemrmemi
                0x00068a30                ustrncpyz
                0x00068ad4                uispunct
                0x00068b9c                uispunctdbcs
                0x00068da8                ustrdup
                0x00068e74                umemtrim
                0x000690c0                umemicmpdbcs
                0x000691bc                umemstridbcs
                0x000692dc                umemrstridbcs
 .text          0x000693e0       0x70 ../ulib/libuserxe.a(libuserxe_a-utf.o)
                0x000693e0                utf_init
 .text          0x00069450     0x5ba0 ../ulib/libuserxe.a(libuserxe_a-utf2.o)
                0x00069450                umbtowc
                0x0006950c                utfpos2offs
                0x0006979c                utfctr2offs
                0x00069ab4                utfstrchkmbr2wc
                0x00069f34                utfcvf2u
                0x0006a43c                utfcvl2fmix
                0x0006a714                utfcvl2f
                0x0006ade0                utfcvl2ftab
                0x0006af9c                utfsetdbcstbl
                0x0006b2a0                utfisvalidutf8
                0x0006b3a4                utfgetstrwidth
                0x0006b46c                utfisvalidutf8char
                0x0006b5fc                utfstrvalidate
                0x0006b768                utfgetutf8strlen
                0x0006b8e0                utfsplitchk
                0x0006bb04                utfcvl2fany
                0x0006c38c                utfcvf2l1
                0x0006c574                utfcvf2l
                0x0006ca10                utfcvf2lany
                0x0006cfac                utfcvl2fany1
                0x0006d210                utfcvl2fany1mb
                0x0006d374                utfcvl2uany1mb
                0x0006d518                utfcvf2lany1
                0x0006d928                utfcvf2lany1mb
                0x0006daac                utfcvu2lany1mb
                0x0006dc10                utfcvlocaleinit
                0x0006de3c                utfcvsetdefaultlocale
                0x0006dfac                utfcvsetparmlocale
                0x0006e108                utfgetcharset_std
                0x0006e434                utfgetcharset
                0x0006e658                utflocalechk
                0x0006e6d8                utfcvlocaleopen
                0x0006e7f0                utfcvlocaleclose
                0x0006e81c                utfcvlocaletclose
                0x0006e85c                utfcviconvdbcschk_topbyte
                0x0006e998                utfcviconvdbcschk1
                0x0006eb04                utfcvlocaleinitICU
                0x0006eb6c                utfcvf2lany1ICU
                0x0006ece8                utfcvl2fany1ICU
                0x0006ee8c                utfcvsetdefaultlocaleICU
                0x0006eed0                utflocalechkICU
                0x0006ef38                utfgetstrlenHK
 .text          0x0006eff0     0x7bb0 ../ulib/libuserxe.a(libuserxe_a-utf22.o)
                0x0006eff0                utfwwapichk
                0x0006f258                utfddflag2sbcsid
                0x0006f2f0                utfddgetlenflag
                0x0006f5b0                utf22_mapwidth0_rounddown
                0x0006f6ec                utf22_mapwidth0
                0x0006f904                utfucsmapinit
                0x0006fe14                utf22setworkdir
                0x0006ffac                utf22versionchk
                0x000701a4                utfucsloadmap
                0x0007039c                utfucssavemap
                0x00070530                utfucsmapinit_remap
                0x000708c0                utfucsmapmodify
                0x00070a38                utfmapucs2dd
                0x00070af0                utfmapdd2ucs
                0x00070b74                utfddsetsbcs
                0x00070c3c                utfddgetsbcs
                0x00070ca0                utfgetwcw
                0x00070de0                utfcvu2dd1w
                0x000710ac                utfcvu2dd1
                0x000711a8                utfcvf2dd
                0x00071494                utfdd2u1
                0x00071500                utfdd2u1vio
                0x000715dc                utfdd2u1chsz
                0x000717d0                utfdd2u
                0x00071cfc                utfucs42utf16
                0x00071ec8                utfddgetucsctr
                0x00072044                utfu2dd
                0x00072258                utfddcmp
                0x00072b54                utfddicmp
                0x00072c98                utfcvdd2f
                0x0007332c                utfchkdd
                0x00073414                utfddisasciistr
                0x00073588                utfddissbcsstr
                0x00073640                utfddasciilen
                0x00073688                utfddpos2offs
                0x000738c0                utfddoffs2pos
                0x00073bf4                utfddispunct
                0x00073dec                utfddmemspnc
                0x00073ef0                utfddmemrspnc
                0x00074010                utfddstrnlen
                0x000740f8                utfddstrlen
                0x000741a8                utfddstrnspn
                0x00074230                utfddmemspn
                0x00074364                utfddmemrspn
                0x0007449c                utfddmemchr
                0x000745cc                utfddmemchr_nonascii
                0x000746c0                utfddmemrchr
                0x000747a8                utfddmemrchr_nonascii
                0x00074858                utfddmempbrk
                0x00074938                utfddmempbrk_nonascii
                0x00074a3c                utfddmemrpbrk
                0x00074b38                utfddmemrpbrk_nonascii
                0x00074c58                utfddcmpdbcstab
                0x00074d68                utfddmemmem
                0x00074fec                utfddmemrmem
                0x000750d8                utfddnumlen
                0x0007539c                utfddgetdbcslr
                0x000754dc                utfddgetcsrposbca
                0x00075870                utfgetvisiblealtch
                0x00075c34                utfgetvisiblealtchprint
                0x00075cd0                utf_setsubchar_dbcs
                0x00075ed4                utf_subcharcmp
                0x00076050                utfmemrchrDD
                0x0007610c                utfmemchrDD
                0x000761e8                isASCIIstr
                0x00076250                isPrintableASCIIstr
                0x000762c8                isPrintableASCIImem
                0x00076354                utf22_setunpucsvio
                0x00076490                utf22_setdbcsspacealt
                0x0007654c                utfsetvisiblealtch
                0x000766a4                utf22_iswidth0Ovf
                0x00076798                utf22_iswidth0DBCS
                0x00076870                utf_iswidth0
                0x000769b0                utf_iscombinable
                0x00076aec                utf_iscombining
 .text          0x00076ba0     0x178c ../ulib/libuserxe.a(libuserxe_a-utf3.o)
                0x00076ba0                utfmb2wc
                0x00076dfc                utfwcwidth
                0x00077088                utfwcwidthNoMap
                0x00077228                utfwcwidthsub
                0x00077468                utfwcwidthsubNoMap
                0x00077694                utfiswide
                0x000776cc                utfisprint
                0x000778d0                utfgetwc
                0x0007796c                utftbinit
                0x00077ee4                utftbfhelp
                0x00077f04                utftbterm
                0x00077f58                utftbsrch
                0x000780d4                utftbsrch_jeuc
                0x00078140                utftbsrch_cjk
                0x00078288                utf3_wcwidthXXE
 .text          0x0007832c      0xad0 ../ulib/libuserxe.a(libuserxe_a-utf4.o)
                0x00078430                mk_wcwidth_combining
                0x0007847c                mk_wcwidth
                0x00078740                mk_wcwidth_cjk
                0x0007887c                mk_wcswidth_cjk
                0x00078914                mk_wcwidth_adjsbcs
                0x00078b14                utf4_isSpacingCombiningMark
                0x00078bd0                utf4_isAmbiguous
                0x00078cdc                utf4_isAmbiguous_XXE
                0x00078d5c                utf4_isFormat
                0x00078db0                mk_wcwidth_combining2SCM
 .text          0x00078dfc     0x1754 ../ulib/libuserxe.a(libuserxe_a-utrace.o)
                0x00078dfc                utrace_initmt
                0x00078e58                utrace_init
                0x000790bc                utracepop
                0x00079228                utracepopf
                0x000793dc                utracepnop
                0x000793fc                utrace_ebc
                0x000794f4                utrace
                0x000798d8                utracectime
                0x00079afc                utraceopen_force
                0x00079ccc                utraceocmsg_force
                0x0007a470                utrace_term
 .text          0x0007a550      0x5b8 ../ulib/libuserxe.a(libuserxe_a-uunxsub.o)
                0x0007a550                ugetugid
                0x0007a5f4                ugetusername
                0x0007a68c                ugetgroupname
                0x0007a724                usrchugname
                0x0007a790                uaddugname
                0x0007a884                unc_setupterm
                0x0007a8f8                unx_fsetlock
                0x0007a9bc                unx_fresetlock
                0x0007aa18                unx_fchklock
                0x0007aad4                ugethostname
 .text          0x0007ab08     0x3914 ../ulib/libuserxe.a(libuserxe_a-uviol.o)
                0x0007ab08                uviol_cell2attr
                0x0007ac48                uviol_attr2cell
                0x0007ad24                uviol_repfg
                0x0007ada4                uviol_altcharset
                0x0007aeec                uvio_initparm
                0x0007af44                uviogetmode
                0x0007b0d8                uviol_init
                0x0007b614                uviol_acssetup
                0x0007b764                uviol_init2
                0x0007b794                uviol_konchk
                0x0007b888                uviol_konchk2
                0x0007b8f8                uviol_colorinit
                0x0007bb10                uviol_termexit
                0x0007bb40                uviol_cleanup
                0x0007bc50                uviol_term
                0x0007bcd4                uviol_beep
                0x0007bd10                uviosetmode
                0x0007bd48                uvioreadcellstr
                0x0007bedc                uviowrtcellstr
                0x0007c108                uvioreadcharstr
                0x0007c224                uviowrtcharstr
                0x0007c32c                uviowrtcharstratt
                0x0007c528                uviowrtnattr
                0x0007c738                uviowrtncell
                0x0007c894                uviowrtnchar
                0x0007c9f4                uviogetcurpos
                0x0007cae0                uviosetcurpos
                0x0007cc3c                uviogetcurtype
                0x0007ccec                uviosetcurtype
                0x0007ce20                uviowrttty
                0x0007ce60                uviol_rgb2colorno
                0x0007d078                uviol_colorno2rgb
                0x0007d1d0                uviogetstate
                0x0007d484                uviosetstate
                0x0007d664                uvioscrolldn
                0x0007d990                uvioscrollup
                0x0007dcbc                uviol_clear
                0x0007dcf4                uviol_clearok
                0x0007dd40                uviol_refresh
                0x0007dd68                uviol_mvaddchnstr
                0x0007df04                uviol_attrupdate
                0x0007e39c                uviol_set_padattrsub
 .text          0x0007e41c     0x3778 ../ulib/libuserxe.a(libuserxe_a-u3270.o)
                0x0007e41c                u3270init
                0x0007e484                u3270fstat
                0x0007ea78                u3270findfile
                0x0007ecac                u3270fullpathistso
                0x0007ed38                u3270getcwd
                0x0007edc0                u3270chdir
                0x0007ee5c                u3270fullpath
                0x0007f138                u3270fullpathwildexp
                0x0007f654                u3270getmembname
                0x0007f7f8                u3270chkmembname
                0x0007f940                u3270getlastname
                0x0007fa18                u3270getnthname
                0x0007fb20                u3270concatfilename
                0x0007fe08                u3270editname
                0x000801b0                u3270parsedsn
                0x0008024c                u3270parentdsn
                0x000803ec                u3270getsetdsnwild
                0x0008070c                u3270pathlen
                0x0008085c                u3270sethostuser
                0x00080910                u3270cmdrequest
                0x00080b88                u3270editrespmsg
                0x00080ca0                u3270dirlistsub
                0x00080f5c                u3270setdirlist
                0x0008141c                u3270srchdirlist
                0x000814e8                u3270setdirlistdsn
                0x000817b4                u3270setattr
                0x000818d0                u3270getattrstr
                0x00081b5c                u3270errdsnpath
 .text          0x00081b94     0x152c ../ulib/libuserxe.a(libuserxe_a-u32702.o)
                0x00081b94                u3270mkdir
                0x00081bcc                u3270rmdir
                0x00081bfc                u3270xddsub
                0x00081d7c                u3270xdelete
                0x00081f8c                u3270wildxdel
                0x00081fc4                u3270xdelsub
                0x000820cc                u3270remove
                0x00082230                u3270rename
                0x00082480                u3270renamesub
                0x00082554                u3270wildrename
                0x000825a4                u3270spfupdate
                0x00082774                u3270spfsetparm
                0x00082cb0                u3270attrib
                0x00082ce8                u3270attrxchk
                0x00082d1c                u3270getftime
                0x00082d54                u3270setftime
                0x00082d8c                u3270setftime2
                0x00082dc4                u3270copypathinfo
                0x00082dfc                u3270setown
                0x00082e34                u3270setmod
                0x00082e68                u3270wildfunc
                0x00083070                u3270errnotsupported
 .text          0x000830c0     0x3ab0 ../ulib/libuserxe.a(libuserxe_a-u32703.o)
                0x000830c0                u3270xmove
                0x00083230                u3270xcopyr2r
                0x000834f8                u3270xcopy
                0x000836c0                u3270xcopyget
                0x0008417c                u3270xcopyput
                0x00084c30                u3270filecreateparmproc
                0x00084ed4                u3270filecpymvflags
                0x00085428                u3270filewildcopyget
                0x00085670                u3270filewildcopyput
                0x000859b0                u3270copysubget
                0x00085c0c                u3270copysubput
                0x00086098                u3270transfer
                0x000865fc                u3270srcdupchk
                0x00086840                u3270copyspfupdate
                0x00086ae4                u3270setftpparm
 .text          0x00086b70       0x40 ../ulib/libuserxe.a(libuserxe_a-uabend.o)
                0x00086b70                uabend
 .text          0x00086bb0     0x417c ../ulib/libuserxe.a(libuserxe_a-ucalc2.o)
                0x00086bb0                bc_getxdw
                0x00086d04                bc_getld
                0x00086f54                bc_dwbinop
                0x0008750c                bc_twbinop
                0x00087a2c                bc_edittod
                0x00087ba0                bc_dweditnum64
                0x00087c08                bc_dweditnum
                0x00087f24                bc_dwupeditnum
                0x000880ec                ucalc_dwmult
                0x00088340                ucalc_twmult
                0x00088808                ucalc_dwdiv
                0x00088ae8                ucalc_dwdiv2
                0x00088e20                ucalc_twdiv
                0x00088fa8                ucalc_twdivbyup
                0x000890ec                ucalc_twshiftup
                0x00089208                ucalc_dwshiftdown
                0x00089338                ucalc_ltime
                0x00089758                ucalc_getdate
                0x00089944                ucalc_nextday
                0x00089bf4                ucalc_ld2dw
                0x0008a18c                ucalc_dw2ld
                0x0008a298                ucalc_nsadd
                0x0008a500                ucalc_ldedit
                0x0008a640                ucalc_dwupinit
                0x0008a6a0                ucalc_dwupset
                0x0008a7d0                bc_numfmt2dw
                0x0008a880                bc_dw2numfmt
                0x0008a958                ucalc_dwup2dwandup
                0x0008aafc                bc_dword2word
                0x0008abf8                ucalc_dw2err
                0x0008ac30                ucalc_dw2errresidual
                0x0008aca4                ucalc_dwuperr
                0x0008accc                ucalc_dwmaxerr
                0x0008ad04                ucalcerrdwordovf
 .text          0x0008ad2c     0x1ad0 ../ulib/libuserxe.a(libuserxe_a-ucvebc.o)
                0x0008ad2c                ucvebcinite2uJ
                0x0008ae80                ucvebc
                0x0008ae98                ucvebc_gettrte2a
                0x0008aeb8                ucvebc2asc_handle
                0x0008af58                ucvasc2ebc_handle
                0x0008aff8                ucvebc2asc
                0x0008b410                ucvebc2asc1sbcsJ
                0x0008b590                ucvebc2ucs1sbcsJ
                0x0008b724                ucvasc2ebc
                0x0008bccc                ucvebc_defaultremap
                0x0008bfac                ucvebcinita2e
                0x0008c118                ucvkandl
                0x0008c308                ucvebcinitkandl
                0x0008c42c                ucvebc2_chkprintsbcs
                0x0008c708                ucvebc_chkeolopt
 .text          0x0008c7fc     0x1718 ../ulib/libuserxe.a(libuserxe_a-ucvebc2.o)
                0x0008c7fc                ucvebc2
                0x0008c814                ucvebc2_init
                0x0008c884                ucvebc2_codecomp
                0x0008c8cc                ucvebc2_s2e
                0x0008c968                ucvebc2_e2s
                0x0008ca00                ucvebc2_chkprint
                0x0008ccc8                ucvebc2_chkprintnewold
                0x0008cf40                ucvebc2_chkprintdup
                0x0008d0ec                ucvebc2_e2ssub
                0x0008d32c                ucvebc2_s2esub
                0x0008d3e4                ucvebc2_stre2s
                0x0008d694                ucvebc2_ebc2asc1dbcsJ
                0x0008d730                ucvebc2_strs2e
                0x0008dce4                ucvebc2_setsi
                0x0008de08                ucvebc2_setso
 .text          0x0008df14       0xa8 ../ulib/libuserxe.a(libuserxe_a-ucvebct.o)
                0x0008df14                ucvebc2gettbl
 .text          0x0008dfbc     0x6c18 ../ulib/libuserxe.a(libuserxe_a-ucvext.o)
                0x0008dfbc                ucvext_cfglineerr
                0x0008dff8                ucvext_cfgdupoption
                0x0008e034                ucvext_ux2s
                0x0008e11c                ucvext_cfgmap
                0x0008e294                ucvext_getcfg
                0x0008f088                ucvext_setdefaultlocalcv
                0x0008f1cc                ucvext_getarmso1
                0x0008f42c                ucvext_getarmso
                0x0008f6b8                ucvext_getarmdata1
                0x0008f828                ucvext_getarmdata
                0x0008f9d8                chkapiver
                0x0008fb94                ucvext_icuinit_env
                0x0008fe30                setdatadir
                0x0008fefc                ucvext_mapinit
                0x000908e0                ucvext_setupsubch
                0x00090eb4                ucvext_loaddll_icudata
                0x00091148                ucvext_loaddll
                0x000911f8                ucvext_icuinit
                0x0009191c                ucvext_icuenumcvname
                0x00091cec                ucvext_icuuerrname
                0x00091d5c                ucvext_icugetdefaultconvertername2
                0x00091e78                ucvext_getstdcharset
                0x00092250                ucvext_icugetdefaultconvertername
                0x00092390                ucvext_icugetconvertertype
                0x000925b4                ucvext_icugetsubchars
                0x00092738                ucvext_icusetsubchars
                0x0009282c                ucvext_icugetstarter
                0x000929b8                ucvext_icugetconverter
                0x00092fc8                ucvext_getparmconverter
                0x0009324c                ucvext_openparmconverter
                0x000933cc                ucvext_getcvoption
                0x00093738                set_internal_CP037
                0x00093820                ucvext_mapinitsetdefault
                0x00093a5c                ucvext_setlocalconverter
                0x00093b58                ucvext_icusubcharchk
                0x00093f0c                ucvext_isdbcs1st
                0x00093f90                chk_converter_is_ebcdic
                0x00094084                ucvext_handle0init
                0x000942c8                ucvext_icuclose
                0x00094330                ucvext_icureset
                0x00094398                ucvext_icugetmbconverter
                0x00094478                ucvext_icumbinit12
                0x000944d8                ucvext_icumbinit
                0x000947a4                ucvext_setdefaultlocale
                0x00094894                chkicuversion
                0x00094b20                ucvext_getConverterCfg
 .text          0x00094bd4     0x49f4 ../ulib/libuserxe.a(libuserxe_a-ucvext12.o)
                0x00094bd4                ucvext12_init
                0x00094d38                ucvext_icuebc2ucs1
                0x00094ff4                ucvext_iculocal2ucs1
                0x000952e8                ucvext_icuucs2ebc1
                0x00095600                ucvext_icuucs2local1
                0x000958cc                ucvext_icuebc2mb1
                0x00095d2c                ucvext_icumb2ebc1
                0x000961ec                ucvext_icuebc2mbs_handle
                0x0009626c                ucvext_icuebc2mbs
                0x00096574                ucvext_icumb2ebcdbcs
                0x00096b34                ucvext_icumb2ebcs_handle
                0x00096bb4                ucvext_icumb2ebcs
                0x000970b4                ucvext_icuebc2mbf
                0x0009759c                ucvext_icumb2ebcf
                0x00097d38                ucvext_icumb2ucs1
                0x00097f44                ucvext_icuucs2mb1
                0x0009816c                ucvext_icuutf2mb1
                0x00098318                ucvext_icumb2utf1
                0x00098514                ucvext_icumb2utf
                0x000987bc                ucvext_icuisprint
                0x0009885c                ucvext_locale1ICU
                0x00098940                ucvext_getparmconvertermbICU
                0x00098d78                ucvext_icua2ainit
                0x00098e3c                ucvext_icua2aterm
                0x00098eb4                ucvext_icua2as
                0x00099574                ucvext_icusubcharchk_handle
 .text          0x000995c8     0x1ec0 ../ulib/libuserxe.a(libuserxe_a-ucvext2.o)
                0x000995c8                ucvext_iconvmapinit
                0x00099614                ucvext_iconvgetstarter
                0x00099778                ucvext_iconvgetconvertertype
                0x000997f4                ucvext_iconvgetconverter
                0x00099938                ucvext_iconvgetparmconverter
                0x00099b40                ucvext_iconvebc2ucs1
                0x00099cb0                ucvext_iconvlocal2ucs1
                0x00099f70                ucvext_iconvucs2ebc1
                0x0009a0e4                ucvext_iconvucs2local1
                0x0009a24c                ucvext_iconva2as
                0x0009a860                ucvext_iconvb2bs
                0x0009aa0c                ucvext_iconva2af
                0x0009b11c                ucvext_iconva2ainit
                0x0009b23c                ucvext_iconva2acont
 .text          0x0009b488     0x4f64 ../ulib/libuserxe.a(libuserxe_a-ucvucs.o)
                0x0009b488                ucp932init
                0x0009ba10                ucp932term
                0x0009bab8                ucp932sjis2ucs
                0x0009bb88                ucp932ucs2sjis
                0x0009bd0c                uccvsjis2ucs
                0x0009be40                uccvucs2sjis
                0x0009be70                uccvucs2utf
                0x0009c0a4                uccvutf2ucs
                0x0009c448                uccvucss2utf
                0x0009c52c                uccvutf2ucss
                0x0009c6f8                uccvsjis2ucss
                0x0009c778                uccvucss2sjis
                0x0009c7bc                uccvsjis2utf
                0x0009c8a0                uccvutf2sjis
                0x0009c96c                ucvsucs2utf
                0x0009cd10                ucvsescucs2utf
                0x0009d0d4                ucvssjis2utf
                0x0009d4a0                ucvsmb2utf
                0x0009d800                ucvsutf2ucs
                0x0009db64                ucvsutf2sjis
                0x0009e000                ucvsutf2mb
                0x0009e3e0                ucvssjis2ucs
                0x0009e704                ucvsucs2sjis
                0x0009eaa4                ucvsescucs2sjis
                0x0009ee28                ucvfsjis2ucs
                0x0009f048                ucvfucs2sjis
                0x0009f24c                ucvfutf2ucs
                0x0009f4e8                ucvfucs2utf
                0x0009f754                ucvfsjis2utf
                0x0009f9c0                ucvfutf2sjis
                0x0009fc5c                ucvbomchk
                0x0009fe04                ucvbomset
                0x0009ff60                ucvsetucss
                0x000a0190                ucvgetucss
                0x000a02cc                ucverrutf
                0x000a032c                ucverrucs
                0x000a038c                ucverrsjis
 .text          0x000a03ec       0x38 ../ulib/libuserxe.a(libuserxe_a-ucvucst.o)
                0x000a03ec                ugetcp932tbl
 .text          0x000a0424     0x3084 ../ulib/libuserxe.a(libuserxe_a-udbcschk.o)
                0x000a0424                udbcschk_wcinit
                0x000a07c4                udbcschk_getbaseconverter
                0x000a086c                udbcschk_setunprintable
                0x000a0a04                udbcschk_wclocaleinit
                0x000a0b70                udbcschk_wclocalereset
                0x000a0f84                udbcschk_chklocale
                0x000a1044                udbcschk_getlinuxleadbyte
                0x000a11ac                udbcschk
                0x000a1338                udbcschk_hk
                0x000a1424                udbcschk_getmblen
                0x000a16e4                udbcschk_mblen
                0x000a17b4                udbcschk_mb2nd
                0x000a193c                udbcschk_isvalidmbchar
                0x000a1a20                udbcschk_locale_topbyte
                0x000a1b24                udbcschk_getdbcs1st
                0x000a1c18                udbcschk_ismbdbcs1st
                0x000a1c78                udbcschk_locale1
                0x000a1f64                udbcschk_mb2ucs1
                0x000a20d0                udbcschk_ucs2mb1
                0x000a21fc                udbcschk_forceenglish
                0x000a2268                udbcschkcp
                0x000a23d4                ugetcp
                0x000a24b8                udbcsenv
                0x000a24f8                udosquerydbcsenv
                0x000a266c                udbcschk2
                0x000a2730                udbcschk_pos2offs
                0x000a290c                usetdbcstbl
                0x000a2c70                usetdbcstblmb
                0x000a30e0                udbcschk_setlocale
                0x000a3330                udbcschk_setdbcstype
                0x000a3448                udbcschk_icugetlocalconverter
 .text          0x000a34a8     0x2e38 ../ulib/libuserxe.a(libuserxe_a-udbcsck2.o)
                0x000a34a8                ujischkx208
                0x000a3578                usjischkx208
                0x000a3658                usjis2jis
                0x000a3760                ujis2sjis
                0x000a3850                ustrjis2sjis
                0x000a3d68                ustrsjis2jis
                0x000a4270                ushift2euc
                0x000a47a8                ushift2euc1
                0x000a4984                ushift2euccount
                0x000a4bc4                usjischk
                0x000a4e78                ueuc2shift1SS3
                0x000a4ea8                ueuc2shift
                0x000a5634                ueucchk
                0x000a5a70                ueuc2shift1
                0x000a5ce4                ueuc2shift1c
                0x000a5e98                uhan2zen
                0x000a615c                udbcschktty
                0x000a61e0                udbcschk_srchSS2
 .text          0x000a62e0      0x3dc ../ulib/libuserxe.a(libuserxe_a-udos2.o)
                0x000a62e0                udos2
                0x000a62f8                ugetdriveidlist
                0x000a63ec                ugetdrivelist
                0x000a648c                ugetdrivetype
                0x000a65b4                udos_setenv
 .text          0x000a66bc     0x3fe8 ../ulib/libuserxe.a(libuserxe_a-uedit.o)
                0x000a66bc                uedit
                0x000a66d4                unumedit
                0x000a6a0c                utimeedit
                0x000a7584                uitoa10
                0x000a75b8                ucmdparmedit
                0x000a7ce0                ueditenv
                0x000a810c                uwordrep
                0x000a87b8                ugethex
                0x000a8918                ugethexdump
                0x000a8af8                ux2FILESZ
                0x000a8b28                ux2l
                0x000a8cbc                ux2ll
                0x000a8da4                ua2ll
                0x000a8dd4                ux2s
                0x000a8f30                ugetnumrange3
                0x000a90a8                ugetnumrange2
                0x000a91a4                ugetnumrange2XFILESZ
                0x000a9278                ugetnumrange
                0x000a9484                ugetxnumrange
                0x000a98a8                ugetxnumrangeLL
                0x000a9cd4                unumlen
                0x000a9f14                uatoin
                0x000a9f94                getKMGTB
                0x000aa11c                ueditFILESZ
                0x000aa390                ueditLONGHANDLE
                0x000aa598                ueditKMG
 .text          0x000aa6a4     0x2890 ../ulib/libuserxe.a(libuserxe_a-uedit2.o)
                0x000aa6a4                uedit2
                0x000aa6bc                uasciidump
                0x000aa8d8                uasciidump_utf
                0x000aab90                uucsdump
                0x000aaedc                ub2x
                0x000ab00c                ueditfattr
                0x000ab3e4                ueditfattrspf
                0x000ab4b8                ueditfattr_mdos
                0x000ab638                uxdumpline
                0x000ac038                xdlputs
                0x000ac0e4                ugetdtparm
                0x000ac1e0                ugetdateparm
                0x000ac254                ugettimeparm
                0x000ac2c8                ueditgetftnum
                0x000ac598                ueditsetfdateUSHORT
                0x000ac62c                ueditsetfdate