Archive member included to satisfy reference by file (symbol)

./xe/libxxe.a(libxxe_a-xe.o)  gxe-xxekbd.o (Gopt)
./xe/libxxe.a(libxxe_a-xecap.o)
                              gxe-xxexei2.o (capreset)
./xe/libxxe.a(libxxe_a-xecap2.o)
                              ./xe/libxxe.a(libxxe_a-xecap.o) (capcutregion)
./xe/libxxe.a(libxxe_a-xechar.o)
                              ./xe/libxxe.a(libxxe_a-xecap.o) (charfldedit)
./xe/libxxe.a(libxxe_a-xechar12.o)
                              ./xe/libxxe.a(libxxe_a-xechar.o) (charfieldfullerr)
./xe/libxxe.a(libxxe_a-xechar13.o)
                              ./xe/libxxe.a(libxxe_a-xechar.o) (charfldeditebc)
./xe/libxxe.a(libxxe_a-xechar2.o)
                              ./xe/libxxe.a(libxxe_a-xecap2.o) (charlcmdsplit)
./xe/libxxe.a(libxxe_a-xecsr.o)
                              gxe-xxexei3.o (csrhomepos)
./xe/libxxe.a(libxxe_a-xedcmd.o)
                              ./xe/libxxe.a(libxxe_a-xe.o) (dcmdinit)
./xe/libxxe.a(libxxe_a-xedcmd2.o)
                              ./xe/libxxe.a(libxxe_a-xedcmd.o) (dcmd_wxp)
./xe/libxxe.a(libxxe_a-xedcmd3.o)
                              ./xe/libxxe.a(libxxe_a-xedcmd.o) (dcmd_rlogin)
./xe/libxxe.a(libxxe_a-xedcmd4.o)
                              ./xe/libxxe.a(libxxe_a-xedcmd2.o) (Gdcmdtempf)
./xe/libxxe.a(libxxe_a-xedir2.o)
                              ./xe/libxxe.a(libxxe_a-xedcmd.o) (dirattrbit)
./xe/libxxe.a(libxxe_a-xedir3.o)
                              ./xe/libxxe.a(libxxe_a-xedir2.o) (Gdir3status)
./xe/libxxe.a(libxxe_a-xedir4.o)
                              ./xe/libxxe.a(libxxe_a-xedir2.o) (dirgetdesc)
./xe/libxxe.a(libxxe_a-xedlcmd.o)
                              ./xe/libxxe.a(libxxe_a-xedir3.o) (dlcmdmain)
./xe/libxxe.a(libxxe_a-xedlcmd2.o)
                              ./xe/libxxe.a(libxxe_a-xedlcmd.o) (dlcmdselect)
./xe/libxxe.a(libxxe_a-xedlcmd3.o)
                              ./xe/libxxe.a(libxxe_a-xedlcmd.o) (dlcmddeleter)
./xe/libxxe.a(libxxe_a-xedlcmd4.o)
                              ./xe/libxxe.a(libxxe_a-xe.o) (dlcmdundelinit)
./xe/libxxe.a(libxxe_a-xedlcmd5.o)
                              ./xe/libxxe.a(libxxe_a-xedlcmd2.o) (dlcmdeditenq)
./xe/libxxe.a(libxxe_a-xedlcmd6.o)
                              ./xe/libxxe.a(libxxe_a-xedlcmd.o) (dlcmdaclist)
./xe/libxxe.a(libxxe_a-xeebc.o)
                              ./xe/libxxe.a(libxxe_a-xedcmd2.o) (Gebcstat)
./xe/libxxe.a(libxxe_a-xeerr.o)
                              ./xe/libxxe.a(libxxe_a-xeebc.o) (xeerrmsg)
./xe/libxxe.a(libxxe_a-xefcmd.o)
                              ./xe/libxxe.a(libxxe_a-xecap.o) (fcmdfileout)
./xe/libxxe.a(libxxe_a-xefcmd22.o)
                              ./xe/libxxe.a(libxxe_a-xedcmd2.o) (fcmdlabelerr)
./xe/libxxe.a(libxxe_a-xefcmd23.o)
                              ./xe/libxxe.a(libxxe_a-xeerr.o) (fcmdsearchoncmdbuff)
./xe/libxxe.a(libxxe_a-xefcmd25.o)
                              ./xe/libxxe.a(libxxe_a-xefcmd22.o) (fcmdrfind)
./xe/libxxe.a(libxxe_a-xefcmd26.o)
                              ./xe/libxxe.a(libxxe_a-xefcmd25.o) (linesrchstring)
./xe/libxxe.a(libxxe_a-xefcmd27.o)
                              ./xe/libxxe.a(libxxe_a-xefcmd25.o) (fcmdgrepcomp)
./xe/libxxe.a(libxxe_a-xefcmd3.o)
                              ./xe/libxxe.a(libxxe_a-xecap.o) (fcmdisrtline)
./xe/libxxe.a(libxxe_a-xefcmd4.o)
                              ./xe/libxxe.a(libxxe_a-xecap.o) (fcmdgetlabparm)
./xe/libxxe.a(libxxe_a-xefcmd42.o)
                              ./xe/libxxe.a(libxxe_a-xechar2.o) (fcmdsplit)
./xe/libxxe.a(libxxe_a-xefcmd43.o)
                              ./xe/libxxe.a(libxxe_a-xefcmd42.o) (Gswebcfile_fc43)
./xe/libxxe.a(libxxe_a-xefcmd5.o)
                              ./xe/libxxe.a(libxxe_a-xefcmd26.o) (fcmdallocmfwt)
./xe/libxxe.a(libxxe_a-xefcmd6.o)
                              ./xe/libxxe.a(libxxe_a-xefcmd4.o) (fcmdgetabrange)
./xe/libxxe.a(libxxe_a-xefcmd7.o)
                              ./xe/libxxe.a(libxxe_a-xe.o) (funcsp_init)
./xe/libxxe.a(libxxe_a-xefile.o)
                              ./xe/libxxe.a(libxxe_a-xe.o) (fileinit)
./xe/libxxe.a(libxxe_a-xefile12.o)
                              ./xe/libxxe.a(libxxe_a-xedcmd2.o) (filesave)
./xe/libxxe.a(libxxe_a-xefile13.o)
                              ./xe/libxxe.a(libxxe_a-xefile.o) (fileclosefree2)
./xe/libxxe.a(libxxe_a-xefile14.o)
                              ./xe/libxxe.a(libxxe_a-xefcmd.o) (setufgetsoptVparm2)
./xe/libxxe.a(libxxe_a-xefile15.o)
                              ./xe/libxxe.a(libxxe_a-xefcmd3.o) (filerenum)
./xe/libxxe.a(libxxe_a-xefile2.o)
                              ./xe/libxxe.a(libxxe_a-xefile.o) (filepopup)
./xe/libxxe.a(libxxe_a-xefile22.o)
                              ./xe/libxxe.a(libxxe_a-xefile12.o) (filehexprint)
./xe/libxxe.a(libxxe_a-xefile3.o)
                              ./xe/libxxe.a(libxxe_a-xedir3.o) (filescrollchk)
./xe/libxxe.a(libxxe_a-xefile4.o)
                              ./xe/libxxe.a(libxxe_a-xefile.o) (filecidterm)
[...]
Memory Configuration

Name             Origin             Length             Attributes
*default*        0x00000000         0xffffffff

Linker script and memory map

LOAD /usr/lib/gcc/arm-linux-gnueabihf/8/../../../arm-linux-gnueabihf/crt1.o
LOAD /usr/lib/gcc/arm-linux-gnueabihf/8/../../../arm-linux-gnueabihf/crti.o
LOAD /usr/lib/gcc/arm-linux-gnueabihf/8/crtbegin.o
LOAD gxe-support.o
LOAD gxe-main.o
LOAD gxe-interface.o
LOAD gxe-callbacks.o
LOAD gxe-gxeview.o
LOAD gxe-gxedlg.o
LOAD gxe-gxe.o
LOAD gxe-xxemain.o
LOAD gxe-gxemfrm.o
LOAD gxe-xxecsub.o
LOAD gxe-xxexei.o
LOAD gxe-xxekbd.o
LOAD gxe-xxescr.o
LOAD gxe-xxexei3.o
LOAD gxe-xxemouse.o
LOAD gxe-xxexei2.o
LOAD gxe-xxecsub2.o
LOAD gxe-xxefile.o
LOAD gxe-gxepage.o
LOAD gxe-xxeprt.o
LOAD ./xe/libxxe.a
LOAD ./ulib/libuserxxe.a
LOAD /usr/lib/gcc/arm-linux-gnueabihf/8/../../../arm-linux-gnueabihf/libgnomeui-2.so
LOAD /usr/lib/gcc/arm-linux-gnueabihf/8/../../../arm-linux-gnueabihf/libSM.so
LOAD /usr/lib/gcc/arm-linux-gnueabihf/8/../../../arm-linux-gnueabihf/libICE.so
LOAD /usr/lib/gcc/arm-linux-gnueabihf/8/../../../arm-linux-gnueabihf/libbonoboui-2.so
LOAD /usr/lib/gcc/arm-linux-gnueabihf/8/../../../arm-linux-gnueabihf/libgnome-2.so
LOAD /usr/lib/gcc/arm-linux-gnueabihf/8/../../../arm-linux-gnueabihf/libpopt.so
LOAD /usr/lib/gcc/arm-linux-gnueabihf/8/../../../arm-linux-gnueabihf/libbonobo-2.so
LOAD /usr/lib/gcc/arm-linux-gnueabihf/8/../../../arm-linux-gnueabihf/libbonobo-activation.so
LOAD /usr/lib/gcc/arm-linux-gnueabihf/8/../../../arm-linux-gnueabihf/libORBit-2.so
LOAD /usr/lib/gcc/arm-linux-gnueabihf/8/../../../arm-linux-gnueabihf/libgnomecanvas-2.so
LOAD /usr/lib/gcc/arm-linux-gnueabihf/8/../../../arm-linux-gnueabihf/libart_lgpl_2.so
LOAD /usr/lib/gcc/arm-linux-gnueabihf/8/../../../arm-linux-gnueabihf/libgnomevfs-2.so
LOAD /usr/lib/gcc/arm-linux-gnueabihf/8/../../../arm-linux-gnueabihf/libgconf-2.so
LOAD /usr/lib/gcc/arm-linux-gnueabihf/8/../../../arm-linux-gnueabihf/libgthread-2.0.so
LOAD /usr/lib/gcc/arm-linux-gnueabihf/8/../../../arm-linux-gnueabihf/libgmodule-2.0.so
LOAD /usr/lib/gcc/arm-linux-gnueabihf/8/../../../arm-linux-gnueabihf/libgtk-x11-2.0.so
LOAD /usr/lib/gcc/arm-linux-gnueabihf/8/../../../arm-linux-gnueabihf/libgdk-x11-2.0.so
LOAD /usr/lib/gcc/arm-linux-gnueabihf/8/../../../arm-linux-gnueabihf/libpangocairo-1.0.so
LOAD /usr/lib/gcc/arm-linux-gnueabihf/8/../../../arm-linux-gnueabihf/libatk-1.0.so
LOAD /usr/lib/gcc/arm-linux-gnueabihf/8/../../../arm-linux-gnueabihf/libcairo.so
LOAD /usr/lib/gcc/arm-linux-gnueabihf/8/../../../arm-linux-gnueabihf/libgdk_pixbuf-2.0.so
LOAD /usr/lib/gcc/arm-linux-gnueabihf/8/../../../arm-linux-gnueabihf/libgio-2.0.so
LOAD /usr/lib/gcc/arm-linux-gnueabihf/8/../../../arm-linux-gnueabihf/libpangoft2-1.0.so
LOAD /usr/lib/gcc/arm-linux-gnueabihf/8/../../../arm-linux-gnueabihf/libpango-1.0.so
LOAD /usr/lib/gcc/arm-linux-gnueabihf/8/../../../arm-linux-gnueabihf/libgobject-2.0.so
LOAD /usr/lib/gcc/arm-linux-gnueabihf/8/../../../arm-linux-gnueabihf/libglib-2.0.so
LOAD /usr/lib/gcc/arm-linux-gnueabihf/8/../../../arm-linux-gnueabihf/libfontconfig.so
LOAD /usr/lib/gcc/arm-linux-gnueabihf/8/../../../arm-linux-gnueabihf/libfreetype.so
LOAD /usr/lib/gcc/arm-linux-gnueabihf/8/../../../arm-linux-gnueabihf/libncursesw.so
LOAD /lib/arm-linux-gnueabihf/libncursesw.so.6
LOAD /usr/lib/gcc/arm-linux-gnueabihf/8/../../../arm-linux-gnueabihf/libtinfo.so
LOAD /usr/lib/gcc/arm-linux-gnueabihf/8/../../../arm-linux-gnueabihf/libtinfo.so
LOAD /usr/lib/gcc/arm-linux-gnueabihf/8/../../../arm-linux-gnueabihf/libcups.so
LOAD /usr/lib/gcc/arm-linux-gnueabihf/8/../../../arm-linux-gnueabihf/libX11.so
LOAD /usr/lib/gcc/arm-linux-gnueabihf/8/../../../arm-linux-gnueabihf/libdl.so
LOAD /usr/lib/gcc/arm-linux-gnueabihf/8/../../../arm-linux-gnueabihf/libdl.so
LOAD /usr/lib/gcc/arm-linux-gnueabihf/8/../../../arm-linux-gnueabihf/libncursesw.so
LOAD /lib/arm-linux-gnueabihf/libncursesw.so.6
LOAD /usr/lib/gcc/arm-linux-gnueabihf/8/../../../arm-linux-gnueabihf/libtinfo.so
LOAD /usr/lib/gcc/arm-linux-gnueabihf/8/../../../arm-linux-gnueabihf/libtinfo.so
LOAD /usr/lib/gcc/arm-linux-gnueabihf/8/../../../arm-linux-gnueabihf/libcups.so
LOAD /usr/lib/gcc/arm-linux-gnueabihf/8/../../../arm-linux-gnueabihf/libX11.so
LOAD /usr/lib/gcc/arm-linux-gnueabihf/8/../../../arm-linux-gnueabihf/libncursesw.so
LOAD /lib/arm-linux-gnueabihf/libncursesw.so.6
LOAD /usr/lib/gcc/arm-linux-gnueabihf/8/../../../arm-linux-gnueabihf/libtinfo.so
LOAD /usr/lib/gcc/arm-linux-gnueabihf/8/../../../arm-linux-gnueabihf/libcups.so
LOAD /usr/lib/gcc/arm-linux-gnueabihf/8/libgcc.a
LOAD /usr/lib/gcc/arm-linux-gnueabihf/8/libgcc_s.so
START GROUP
LOAD /usr/lib/gcc/arm-linux-gnueabihf/8/libgcc_s.so.1
LOAD /usr/lib/gcc/arm-linux-gnueabihf/8/libgcc.a
END GROUP
LOAD /usr/lib/gcc/arm-linux-gnueabihf/8/../../../arm-linux-gnueabihf/libpthread.so
LOAD /usr/lib/gcc/arm-linux-gnueabihf/8/../../../arm-linux-gnueabihf/libc.so
START GROUP
LOAD //lib/arm-linux-gnueabihf/libc.so.6
LOAD //usr/lib/arm-linux-gnueabihf/libc_nonshared.a
LOAD //lib/arm-linux-gnueabihf/ld-linux-armhf.so.3
END GROUP
LOAD /usr/lib/gcc/arm-linux-gnueabihf/8/libgcc.a
LOAD /usr/lib/gcc/arm-linux-gnueabihf/8/libgcc_s.so
START GROUP
LOAD /usr/lib/gcc/arm-linux-gnueabihf/8/libgcc_s.so.1
LOAD /usr/lib/gcc/arm-linux-gnueabihf/8/libgcc.a
END GROUP
LOAD /usr/lib/gcc/arm-linux-gnueabihf/8/crtend.o
LOAD /usr/lib/gcc/arm-linux-gnueabihf/8/../../../arm-linux-gnueabihf/crtn.o
                [!provide]                PROVIDE (__executable_start = SEGMENT_START ("text-segment", 0x10000))
                0x00010154                . = (SEGMENT_START ("text-segment", 0x10000) + SIZEOF_HEADERS)

.interp         0x00010154       0x19
 *(.interp)
 .interp        0x00010154       0x19 /usr/lib/gcc/arm-linux-gnueabihf/8/../../../arm-linux-gnueabihf/crt1.o

.note.ABI-tag   0x00010170       0x20
 .note.ABI-tag  0x00010170       0x20 /usr/lib/gcc/arm-linux-gnueabihf/8/../../../arm-linux-gnueabihf/crt1.o

.note.gnu.build-id
                0x00010190       0x24
 *(.note.gnu.build-id)
 .note.gnu.build-id
                0x00010190       0x24 linker stubs

.hash
 *(.hash)

.gnu.hash       0x000101b4      0xe40
 *(.gnu.hash)
 .gnu.hash      0x000101b4      0xe40 /usr/lib/gcc/arm-linux-gnueabihf/8/../../../arm-linux-gnueabihf/crt1.o

.dynsym         0x00010ff4     0x2090
 *(.dynsym)
 .dynsym        0x00010ff4     0x2090 /usr/lib/gcc/arm-linux-gnueabihf/8/../../../arm-linux-gnueabihf/crt1.o

.dynstr         0x00013084     0x27b7
 *(.dynstr)
 .dynstr        0x00013084     0x27b7 /usr/lib/gcc/arm-linux-gnueabihf/8/../../../arm-linux-gnueabihf/crt1.o

.gnu.version    0x0001583c      0x412
 *(.gnu.version)
 .gnu.version   0x0001583c      0x412 /usr/lib/gcc/arm-linux-gnueabihf/8/../../../arm-linux-gnueabihf/crt1.o

.gnu.version_d  0x00015c50        0x0
 *(.gnu.version_d)
 .gnu.version_d
                0x00015c50        0x0 /usr/lib/gcc/arm-linux-gnueabihf/8/../../../arm-linux-gnueabihf/crt1.o

.gnu.version_r  0x00015c50       0xb0
 *(.gnu.version_r)
 .gnu.version_r
                0x00015c50       0xb0 /usr/lib/gcc/arm-linux-gnueabihf/8/../../../arm-linux-gnueabihf/crt1.o

.rel.dyn        0x00015d00       0x40
 *(.rel.init)
 *(.rel.text .rel.text.* .rel.gnu.linkonce.t.*)
 *(.rel.fini)
 *(.rel.rodata .rel.rodata.* .rel.gnu.linkonce.r.*)
 *(.rel.data.rel.ro .rel.data.rel.ro.* .rel.gnu.linkonce.d.rel.ro.*)
 .rel.data.rel.ro
                0x00015d00        0x8 /usr/lib/gcc/arm-linux-gnueabihf/8/../../../arm-linux-gnueabihf/crt1.o
 *(.rel.data .rel.data.* .rel.gnu.linkonce.d.*)
 *(.rel.tdata .rel.tdata.* .rel.gnu.linkonce.td.*)
 *(.rel.tbss .rel.tbss.* .rel.gnu.linkonce.tb.*)
 *(.rel.ctors)
 *(.rel.dtors)
 *(.rel.got)
 .rel.got       0x00015d08        0x8 /usr/lib/gcc/arm-linux-gnueabihf/8/../../../arm-linux-gnueabihf/crt1.o
 *(.rel.bss .rel.bss.* .rel.gnu.linkonce.b.*)
 .rel.bss       0x00015d10       0x30 /usr/lib/gcc/arm-linux-gnueabihf/8/../../../arm-linux-gnueabihf/crt1.o
                [!provide]                PROVIDE (__rel_iplt_start = .)
 *(.rel.iplt)
 .rel.iplt      0x00015d40        0x0 /usr/lib/gcc/arm-linux-gnueabihf/8/../../../arm-linux-gnueabihf/crt1.o
                [!provide]                PROVIDE (__rel_iplt_end = .)

.rela.dyn       0x00015d40        0x0
 *(.rela.init)
 *(.rela.text .rela.text.* .rela.gnu.linkonce.t.*)
 *(.rela.fini)
 *(.rela.rodata .rela.rodata.* .rela.gnu.linkonce.r.*)
 *(.rela.data .rela.data.* .rela.gnu.linkonce.d.*)
 *(.rela.tdata .rela.tdata.* .rela.gnu.linkonce.td.*)
 *(.rela.tbss .rela.tbss.* .rela.gnu.linkonce.tb.*)
 *(.rela.ctors)
 *(.rela.dtors)
 *(.rela.got)
 *(.rela.bss .rela.bss.* .rela.gnu.linkonce.b.*)
                [!provide]                PROVIDE (__rela_iplt_start = .)
 *(.rela.iplt)
                [!provide]                PROVIDE (__rela_iplt_end = .)

.rel.plt        0x00015d40      0xfc0
 *(.rel.plt)
 .rel.plt       0x00015d40      0xfc0 /usr/lib/gcc/arm-linux-gnueabihf/8/../../../arm-linux-gnueabihf/crt1.o

.rela.plt
 *(.rela.plt)

.init           0x00016d00        0xc
 *(SORT_NONE(.init))
 .init          0x00016d00        0x8 /usr/lib/gcc/arm-linux-gnueabihf/8/../../../arm-linux-gnueabihf/crti.o
                0x00016d00                _init
 .init          0x00016d08        0x4 /usr/lib/gcc/arm-linux-gnueabihf/8/../../../arm-linux-gnueabihf/crtn.o

.plt            0x00016d0c     0x17b4
 *(.plt)
 .plt           0x00016d0c     0x17b4 /usr/lib/gcc/arm-linux-gnueabihf/8/../../../arm-linux-gnueabihf/crt1.o
                0x00016d20                pango_attr_foreground_new
                0x00016d2c                gethostname@@GLIBC_2.4
                0x00016d38                pango_layout_set_text
                0x00016d44                textdomain@@GLIBC_2.4
                0x00016d50                getuid@@GLIBC_2.4
                0x00016d5c                fopen64@@GLIBC_2.4
                0x00016d68                gnome_canvas_rect_get_type
                0x00016d74                fwrite@@GLIBC_2.4
                0x00016d80                mbrtowc@@GLIBC_2.4
                0x00016d8c                XKeysymToString
                0x00016d98                toupper@@GLIBC_2.4
                0x00016da4                pango_context_get_matrix
                0x00016db0                gdk_gc_new_with_values
                0x00016dbc                gdk_gc_unref
                0x00016dc8                gnome_app_add_toolbar
                0x00016dd4                gtk_label_set_text
                0x00016de0                gtk_selection_data_get_target
                0x00016dec                gtk_file_chooser_set_current_name
                0x00016df8                __isoc99_sscanf@@GLIBC_2.7
                0x00016e04                gtk_accel_map_add_entry
                0x00016e10                pango_font_description_from_string
                0x00016e1c                g_type_check_instance_cast
                0x00016e28                gtk_tree_model_get_iter_first
                0x00016e34                fprintf@@GLIBC_2.4
                0x00016e40                gtk_tooltips_new
                0x00016e4c                gtk_tool_item_get_type
                0x00016e58                gtk_tree_model_get_path
                0x00016e64                gtk_font_selection_get_type
                0x00016e70                gtk_color_selection_dialog_new
                0x00016e7c                gdk_draw_drawable
                0x00016e88                gdk_event_put
                0x00016e94                strstr@@GLIBC_2.4
                0x00016ea0                isatty@@GLIBC_2.4
                0x00016eac                getppid@@GLIBC_2.4
                0x00016eb8                gtk_widget_destroy
                0x00016ec4                pango_font_family_get_name
                0x00016ed0                gnome_canvas_root
                0x00016edc                gtk_widget_hide
                0x00016ee8                gtk_print_operation_get_error
                0x00016ef4                gtk_paper_size_get_width
                0x00016f00                execvp@@GLIBC_2.4
                0x00016f0c                XkbGetAutoRepeatRate
                0x00016f18                write@@GLIBC_2.4
                0x00016f24                wctomb@@GLIBC_2.4
                0x00016f30                gtk_menu_item_set_accel_path
                0x00016f3c                gtk_settings_get_default
                0x00016f48                gtk_box_pack_end
                0x00016f54                pango_font_face_get_face_name
                0x00016f60                pango_context_get_metrics
                0x00016f6c                gtk_combo_set_popdown_strings
                0x00016f78                opendir@@GLIBC_2.4
                0x00016f84                printf@@GLIBC_2.4
                0x00016f90                gtk_check_button_new_with_mnemonic
                0x00016f9c                gnome_vfs_mime_get_default_application
                0x00016fa8                bsearch@@GLIBC_2.4
                0x00016fb4                gtk_widget_ref
                0x00016fc0                gtk_main_level
                0x00016fcc                gtk_box_pack_start
                0x00016fd8                gtk_entry_set_has_frame
                0x00016fe4                gtk_spin_button_set_value
                0x00016ff0                fclose@@GLIBC_2.4
                0x00016ffc                cairo_translate
                0x00017008                gdk_draw_rectangle
                0x00017014                atoll@@GLIBC_2.4
                0x00017020                gtk_menu_shell_get_type
                0x0001702c                gtk_entry_new
                0x00017038                g_signal_connect_data
                0x00017044                qsort@@GLIBC_2.4
                0x00017050                gtk_drawing_area_new
                0x0001705c                gtk_selection_data_set
                0x00017068                getgid@@GLIBC_2.4
                0x00017074                gtk_main
                0x00017080                __ctype_b_loc@@GLIBC_2.4
                0x0001708c                gtk_window_set_title
                0x00017098                strnlen@@GLIBC_2.4
                0x000170a4                pango_context_get_font_description
                0x000170b0                g_free
                0x000170bc                gtk_menu_item_activate
                0x000170c8                gtk_clipboard_wait_for_contents
                0x000170d4                gtk_menu_item_get_accel_path
                0x000170e0                getmntent@@GLIBC_2.4
                0x000170ec                gtk_dialog_run
                0x000170f8                gtk_paper_size_get_height
                0x00017104                gtk_print_settings_set_paper_size
                0x00017110                gtk_settings_set_string_property
                0x0001711c                gtk_font_selection_dialog_get_type
                0x00017128                gtk_menu_item_get_type
                0x00017134                gtk_signal_emit_by_name
                0x00017140                gdk_pixbuf_new_from_file
                0x0001714c                XOpenDisplay
                0x00017158                gtk_menu_item_set_label
                0x00017164                iconv@@GLIBC_2.4
                0x00017170                fputc@@GLIBC_2.4
                0x0001717c                dlclose@@GLIBC_2.4
                0x00017188                gtk_printer_is_default
                0x00017194                __xstat64@@GLIBC_2.4
                0x000171a0                gtk_scrolled_window_set_policy
                0x000171ac                gtk_widget_unref
                0x000171b8                gtk_im_multicontext_new
                0x000171c4                gtk_paper_size_set_size
                0x000171d0                gtk_clipboard_set_with_data
                0x000171dc                chown@@GLIBC_2.4
                0x000171e8                gdk_draw_line
                0x000171f4                gtk_color_selection_set_has_opacity_control
                0x00017200                gtk_toggle_button_get_active
                0x0001720c                gtk_print_settings_set_printer
                0x00017218                strpbrk@@GLIBC_2.4
                0x00017224                gtk_widget_get_sensitive
                0x00017230                g_malloc_n
                0x0001723c                gtk_window_present
                0x00017248                gtk_tree_path_free
                0x00017254                fseek@@GLIBC_2.4
                0x00017260                gtk_im_context_focus_out
                0x0001726c                cupsGetPPD
                0x00017278                regfree@@GLIBC_2.4
                0x00017284                pango_context_get_language
                0x00017290                gtk_alignment_new
                0x0001729c                strerror@@GLIBC_2.4
                0x000172a8                gtk_tree_view_set_cursor
                0x000172b4                gtk_print_settings_get_paper_height
                0x000172c0                g_get_charset
                0x000172cc                pango_layout_set_font_description
                0x000172d8                gtk_main_quit
                0x000172e4                pango_font_description_get_family
                0x000172f0                atk_action_get_name
                0x000172fc                gtk_image_new_from_file
                0x00017308                tolower@@GLIBC_2.4
                0x00017314                gtk_button_box_set_layout
                0x00017320                gtk_drag_dest_set
                0x0001732c                gnome_app_create_menus
                0x00017338                gtk_accel_map_lookup_entry
                0x00017344                g_iconv_open
                0x00017350                gtk_widget_set_events
                0x0001735c                gtk_file_chooser_set_current_folder
                0x00017368                ppdOpenFile
                0x00017374                pango_layout_set_attributes
                0x00017380                gtk_label_set_justify
                0x0001738c                putchar@@GLIBC_2.4
                0x00017398                gtk_im_context_get_preedit_string
                0x000173a4                gtk_enumerate_printers
                0x000173b0                gtk_entry_get_type
                0x000173bc                gtk_get_current_event_time
                0x000173c8                gtk_tree_view_get_model
                0x000173d4                puts@@GLIBC_2.4
                0x000173e0                gtk_table_attach
                0x000173ec                gtk_font_selection_dialog_set_font_name
                0x000173f8                pango_font_description_get_style
                0x00017404                __libc_start_main@@GLIBC_2.4
                0x0001741c                setupterm@@NCURSES6_TINFO_5.0.19991023
                0x00017428                strchr@@GLIBC_2.4
                0x00017434                gtk_window_set_modal
                0x00017440                gnome_canvas_new
                0x0001744c                g_error_free
                0x00017458                gnome_app_get_type
                0x00017464                cairo_line_to
                0x00017470                __errno_location@@GLIBC_2.4
                0x0001747c                gtk_image_new
                0x00017488                gdk_window_get_pointer
                0x00017494                cupsGetDefault
                0x000174a0                feof@@GLIBC_2.4
                0x000174ac                lutimes@@GLIBC_2.4
                0x000174b8                atol@@GLIBC_2.4
                0x000174c4                gnome_canvas_item_new
                0x000174d0                ftello64@@GLIBC_2.4
                0x000174dc                tcsetattr@@GLIBC_2.4
                0x000174e8                gtk_paper_size_get_display_name
                0x000174f4                gtk_misc_get_type
                0x00017500                symlink@@GLIBC_2.4
                0x0001750c                gtk_print_operation_set_use_full_page
                0x00017518                setenv@@GLIBC_2.4
                0x00017524                mkdir@@GLIBC_2.4
                0x00017530                gdk_gc_new
                0x0001753c                pthread_mutex_lock@@GLIBC_2.4
                0x00017548                pipe@@GLIBC_2.4
                0x00017554                gtk_spin_button_get_type
                0x00017560                gnome_app_set_contents
                0x0001756c                gtk_adjustment_get_type
                0x00017578                gtk_selection_data_get_length
                0x00017584                gdk_colormap_get_system
                0x00017590                gnome_app_set_statusbar
                0x0001759c                gnome_vfs_get_mime_type
                0x000175a8                gtk_toolbar_get_type
                0x000175b4                gtk_label_set_label
                0x000175c0                gettext@@GLIBC_2.4
                0x000175cc                pthread_cond_wait@@GLIBC_2.4
                0x000175d8                pango_font_metrics_get_ascent
                0x000175e4                free@@GLIBC_2.4
                0x000175f0                gdk_draw_layout
                0x000175fc                iconv_close@@GLIBC_2.4
                0x00017608                ppdClose
                0x00017614                gtk_window_set_geometry_hints
                0x00017620                gtk_window_set_resizable
                0x0001762c                wcwidth@@GLIBC_2.4
                0x00017638                gtk_menu_item_get_label
                0x00017644                close@@GLIBC_2.4
                0x00017650                gdk_draw_lines
                0x0001765c                g_list_free
                0x00017668                g_object_set_data_full
                0x00017674                re_search@@GLIBC_2.4
                0x00017680                g_utf8_strlen
                0x0001768c                memcpy@@GLIBC_2.4
                0x00017698                gnome_canvas_item_i2c_affine
                0x000176a4                gtk_selection_data_get_data
                0x000176b0                wcstombs@@GLIBC_2.4
                0x000176bc                iconv_open@@GLIBC_2.4
                0x000176c8                memmove@@GLIBC_2.4
                0x000176d4                strncpy@@GLIBC_2.4
                0x000176e0                g_object_set_data
                0x000176ec                gnome_canvas_item_affine_absolute
                0x000176f8                gtk_button_new_with_mnemonic
                0x00017704                gtk_tree_model_iter_next
                0x00017710                gtk_toolbar_new
                0x0001771c                gtk_target_list_new
                0x00017728                gtk_menu_get_attach_widget
                0x00017734                gtk_spin_button_get_value_as_int
                0x00017740                access@@GLIBC_2.4
                0x0001774c                gtk_font_selection_dialog_get_font_name
                0x00017758                gtk_paper_size_free
                0x00017764                cairo_set_line_width
                0x00017770                gtk_accel_map_change_entry
                0x0001777c                gdk_colormap_alloc_color
                0x00017788                gtk_window_set_position
                0x00017794                gnome_canvas_set_scroll_region
                0x000177a0                g_object_get
                0x000177ac                unlink@@GLIBC_2.4
                0x000177b8                gtk_clipboard_set_text
                0x000177c4                ferror@@GLIBC_2.4
                0x000177d0                gtk_print_settings_new
                0x000177dc                gtk_menu_new
                0x000177e8                gtk_paper_size_new_custom
                0x000177f4                gdk_atom_intern
                0x00017800                XGetKeyboardMapping
                0x0001780c                re_set_syntax@@GLIBC_2.4
                0x00017818                cairo_stroke
                0x00017824                strcpy@@GLIBC_2.4
                0x00017830                execv@@GLIBC_2.4
                0x0001783c                cupsFreeDests
                0x00017848                raise@@GLIBC_2.4
                0x00017854                getgrgid@@GLIBC_2.4
                0x00017860                gtk_image_new_from_stock
                0x0001786c                g_object_get_data
                0x00017878                gdk_window_get_geometry
                0x00017884                atoi@@GLIBC_2.4
                0x00017890                pango_matrix_copy
                0x0001789c                gtk_print_operation_set_n_pages
                0x000178a8                dlsym@@GLIBC_2.4
                0x000178b4                gtk_menu_item_deselect
                0x000178c0                gtk_label_new
                0x000178cc                gtk_color_selection_get_type
                0x000178d8                gtk_clipboard_get
                0x000178e4                gtk_tree_model_get
                0x000178f0                gtk_dialog_get_type
                0x000178fc                ftime@@GLIBC_2.4
                0x00017908                gtk_menu_popup
                0x00017914                fork@@GLIBC_2.4
                0x00017920                gdk_screen_get_height
                0x0001792c                gtk_button_box_get_type
                0x00017938                signal@@GLIBC_2.4
                0x00017944                cairo_move_to
                0x00017950                g_log
                0x0001795c                gettimeofday@@GLIBC_2.4
                0x00017968                getpwuid@@GLIBC_2.4
                0x00017974                system@@GLIBC_2.4
                0x00017980                gtk_object_get_type
                0x0001798c                XGetModifierMapping
                0x00017998                malloc@@GLIBC_2.4
                0x000179a4                localtime@@GLIBC_2.4
                0x000179b0                getcwd@@GLIBC_2.4
                0x000179bc                gtk_box_get_type
                0x000179c8                libgnomeui_module_info_get
                0x000179d4                tcgetattr@@GLIBC_2.4
                0x000179e0                pthread_cond_init@@GLIBC_2.4
                0x000179ec                gdk_gc_set_foreground
                0x000179f8                gtk_entry_set_max_length
                0x00017a04                gnome_program_init
                0x00017a10                gtk_scrolled_window_new
                0x00017a1c                kill@@GLIBC_2.4
                0x00017a28                cupsServer
                0x00017a34                gtk_menu_get_type
                0x00017a40                strdup@@GLIBC_2.4
                0x00017a4c                re_compile_pattern@@GLIBC_2.4
                0x00017a58                strlen@@GLIBC_2.4
                0x00017a64                gtk_print_operation_set_print_settings
                0x00017a70                pthread_mutex_destroy@@GLIBC_2.4
                0x00017a7c                chdir@@GLIBC_2.4
                0x00017a88                chmod@@GLIBC_2.4
                0x00017a94                atk_action_set_description
                0x00017aa0                g_convert_with_iconv
                0x00017aac                gtk_dialog_add_action_widget
                0x00017ab8                gtk_file_chooser_get_type
                0x00017ac4                pango_cairo_show_layout
                0x00017ad0                gtk_container_get_type
                0x00017adc                gnome_program_locate_file
                0x00017ae8                gtk_toolbar_set_style
                0x00017af4                mktime@@GLIBC_2.4
                0x00017b00                closedir@@GLIBC_2.4
                0x00017b0c                gtk_tooltips_set_tip
                0x00017b18                getpid@@GLIBC_2.4
                0x00017b24                g_list_append
                0x00017b30                __lxstat64@@GLIBC_2.4
                0x00017b3c                select@@GLIBC_2.4
                0x00017b48                gtk_file_chooser_get_filename
                0x00017b54                gtk_widget_queue_draw_area
                0x00017b60                gtk_font_selection_dialog_new
                0x00017b6c                gtk_printer_request_details
                0x00017b78                gtk_tool_item_set_tooltip
                0x00017b84                readlink@@GLIBC_2.4
                0x00017b90                pango_layout_get_iter
                0x00017b9c                g_object_ref
                0x00017ba8                gdk_beep
                0x00017bb4                gtk_widget_get_pango_context
                0x00017bc0                gtk_dialog_new
                0x00017bcc                gtk_printer_is_virtual
                0x00017bd8                gtk_event_box_new
                0x00017be4                iswalpha@@GLIBC_2.4
                0x00017bf0                fseeko64@@GLIBC_2.4
                0x00017bfc                gtk_bin_get_type
                0x00017c08                dup@@GLIBC_2.4
                0x00017c14                gtk_combo_new
                0x00017c20                gdk_pointer_ungrab
                0x00017c2c                gtk_tool_button_new
                0x00017c38                gtk_timeout_add
                0x00017c44                sprintf@@GLIBC_2.4
                0x00017c50                snprintf@@GLIBC_2.4
                0x00017c5c                gtk_object_set_user_data
                0x00017c68                fflush@@GLIBC_2.4
                0x00017c74                gtk_editable_set_editable
                0x00017c80                XFree
                0x00017c8c                mbtowc@@GLIBC_2.4
                0x00017c98                gtk_message_dialog_new
                0x00017ca4                gtk_printer_has_details
                0x00017cb0                cairo_scale
                0x00017cbc                perror@@GLIBC_2.4
                0x00017cc8                gtk_font_selection_dialog_set_preview_text
                0x00017cd4                gtk_bin_get_child
                0x00017ce0                gtk_window_set_transient_for
                0x00017cec                gtk_im_context_set_client_window
                0x00017cf8                gnome_app_fill_menu
                0x00017d04                gdk_gc_set_line_attributes
                0x00017d10                gtk_drag_finish
                0x00017d1c                gdk_pixbuf_get_from_drawable
                0x00017d28                setlocale@@GLIBC_2.4
                0x00017d34                gtk_entry_set_text
                0x00017d40                vfprintf@@GLIBC_2.4
                0x00017d4c                gtk_selection_data_get_format
                0x00017d58                gtk_clipboard_wait_for_text
                0x00017d64                cupsGetDests
                0x00017d70                cairo_set_source_rgb
                0x00017d7c                gtk_vbox_new
                0x00017d88                gtk_printer_list_papers
                0x00017d94                mousemask@@NCURSESW6_5.1.20000708
                0x00017da0                gnome_vfs_mime_application_free
                0x00017dac                gtk_frame_new
                0x00017db8                gnome_app_new
                0x00017dc4                gtk_button_new_from_stock
                0x00017dd0                strcmp@@GLIBC_2.4
                0x00017ddc                gtk_hseparator_new
                0x00017de8                gtk_frame_get_type
                0x00017df4                pango_layout_iter_free
                0x00017e00                memcmp@@GLIBC_2.4
                0x00017e0c                gtk_print_operation_new
                0x00017e18                gtk_paper_size_new
                0x00017e24                gtk_widget_show_all
                0x00017e30                gtk_color_selection_get_current_color
                0x00017e3c                memset@@GLIBC_2.4
                0x00017e48                gtk_table_get_type
                0x00017e54                gtk_timeout_remove
                0x00017e60                atk_action_get_n_actions
                0x00017e6c                gnome_appbar_new
                0x00017e78                syscall@@GLIBC_2.4
                0x00017e84                getenv@@GLIBC_2.4
                0x00017e90                gtk_object_get_user_data
                0x00017e9c                gtk_label_set_text_with_mnemonic
                0x00017ea8                gtk_adjustment_new
                0x00017eb4                gtk_paper_size_get_paper_sizes
                0x00017ec0                gtk_printer_get_name
                0x00017ecc                gdk_atom_name
                0x00017ed8                rename@@GLIBC_2.4
                0x00017ee4                flock@@GLIBC_2.4
                0x00017ef0                gtk_combo_get_type
                0x00017efc                mkfifo@@GLIBC_2.4
                0x00017f08                time@@GLIBC_2.4
                0x00017f14                bind_textdomain_codeset@@GLIBC_2.4
                0x00017f20                gtk_editable_get_type
                0x00017f2c                gtk_print_settings_set_orientation
                0x00017f38                gdk_gc_set_function
                0x00017f44                g_utf8_get_char
                0x00017f50                gtk_color_selection_dialog_get_type
                0x00017f5c                gtk_hbox_new
                0x00017f68                wait@@GLIBC_2.4
                0x00017f74                statfs64@@GLIBC_2.4
                0x00017f80                g_object_unref
                0x00017f8c                gdk_keyboard_ungrab
                0x00017f98                pthread_cond_broadcast@@GLIBC_2.4
                0x00017fa4                gnome_canvas_get_type
                0x00017fb0                g_type_check_instance_is_a
                0x00017fbc                pango_attr_list_unref
                0x00017fc8                gtk_frame_set_label_widget
                0x00017fd4                fread@@GLIBC_2.4
                0x00017fe0                gnome_vfs_init
                0x00017fec                gtk_misc_set_alignment
                0x00017ff8                pthread_create@@GLIBC_2.4
                0x00018004                pango_font_metrics_get_descent
                0x00018010                strcat@@GLIBC_2.4
                0x0001801c                gtk_paper_size_get_name
                0x00018028                gtk_print_settings_get_paper_width
                0x00018034                abort@@GLIBC_2.4
                0x00018040                gtk_window_set_destroy_with_parent
                0x0001804c                gdk_gc_set_background
                0x00018058                pango_layout_iter_get_line
                0x00018064                gtk_window_set_default_size
                0x00018070                gtk_table_new
                0x0001807c                gtk_dialog_add_button
                0x00018088                gnome_vfs_get_uri_from_local_path
                0x00018094                pango_attr_background_new
                0x000180a0                gtk_label_get_type
                0x000180ac                gtk_spin_button_set_numeric
                0x000180b8                waitpid@@GLIBC_2.4
                0x000180c4                gtk_tree_view_get_type
                0x000180d0                gdk_pointer_is_grabbed
                0x000180dc                pango_font_description_get_size
                0x000180e8                gnome_app_install_menu_hints
                0x000180f4                gdk_pixmap_new
                0x00018100                pango_attr_list_new
                0x0001810c                gdk_screen_get_default
                0x00018118                bindtextdomain@@GLIBC_2.4
                0x00018124                gtk_print_operation_get_status_string
                0x00018130                gnome_vfs_get_file_info
                0x0001813c                pthread_cond_timedwait@@GLIBC_2.4
                0x00018148                gtk_spin_button_new
                0x00018154                exit@@GLIBC_2.4
                0x00018160                gtk_widget_get_allocation
                0x0001816c                gtk_widget_show
                0x00018178                gtk_drag_begin
                0x00018184                gtk_file_chooser_dialog_new
                0x00018190                gtk_window_set_type_hint
                0x0001819c                gtk_color_selection_set_current_color
                0x000181a8                pango_layout_get_extents
                0x000181b4                pango_layout_get_pixel_extents
                0x000181c0                gnome_canvas_pixbuf_get_type
                0x000181cc                gtk_selection_data_free
                0x000181d8                calloc@@GLIBC_2.4
                0x000181e4                gtk_window_set_icon
                0x000181f0                pango_attr_list_insert
                0x000181fc                gtk_im_context_filter_keypress
                0x00018208                gtk_print_operation_run
                0x00018214                gtk_widget_get_child_requisition
                0x00018220                setmntent@@GLIBC_2.4
                0x0001822c                g_strdup
                0x00018238                rmdir@@GLIBC_2.4
                0x00018244                gtk_container_add
                0x00018250                strrchr@@GLIBC_2.4
                0x0001825c                dup2@@GLIBC_2.4
                0x00018268                getmntent_r@@GLIBC_2.4
                0x00018274                fgets@@GLIBC_2.4
                0x00018280                gtk_toggle_button_get_type
                0x0001828c                gtk_widget_create_pango_layout
                0x00018298                utimes@@GLIBC_2.4
                0x000182a4                gtk_paper_size_is_custom
                0x000182b0                gdk_draw_layout_with_colors
                0x000182bc                endmntent@@GLIBC_2.4
                0x000182c8                XCloseDisplay
                0x000182d4                memchr@@GLIBC_2.4
                0x000182e0                gtk_selection_data_get_selection
                0x000182ec                pango_context_set_matrix
                0x000182f8                read@@GLIBC_2.4
                0x00018304                gtk_window_get_type
                0x00018310                readdir64@@GLIBC_2.4
                0x0001831c                XDisplayKeycodes
                0x00018328                gtk_clipboard_request_text
                0x00018334                pthread_mutex_unlock@@GLIBC_2.4
                0x00018340                gtk_scrolled_window_get_type
                0x0001834c                gtk_toolbar_get_icon_size
                0x00018358                gdk_screen_get_width
                0x00018364                wcrtomb@@GLIBC_2.4
                0x00018370                gtk_im_context_focus_in
                0x0001837c                nl_langinfo@@GLIBC_2.4
                0x00018388                gtk_print_context_get_cairo_context
                0x00018394                pthread_mutex_init@@GLIBC_2.4
                0x000183a0                gtk_widget_get_type
                0x000183ac                gtk_widget_set_sensitive
                0x000183b8                fileno@@GLIBC_2.4
                0x000183c4                ppdPageSize
                0x000183d0                mkstemp64@@GLIBC_2.4
                0x000183dc                gtk_container_set_border_width
                0x000183e8                strspn@@GLIBC_2.4
                0x000183f4                open64@@GLIBC_2.4
                0x00018400                ioctl@@GLIBC_2.4
                0x0001840c                pango_font_description_to_string
                0x00018418                pango_font_metrics_get_approximate_digit_width
                0x00018424                fputs@@GLIBC_2.4
                0x00018430                g_utf8_validate
                0x0001843c                gtk_widget_grab_focus
                0x00018448                pango_context_list_families
                0x00018454                nanosleep@@GLIBC_2.4
                0x00018460                iswprint@@GLIBC_2.4
                0x0001846c                gtk_widget_set_size_request
                0x00018478                putenv@@GLIBC_2.4
                0x00018484                gtk_selection_data_get_data_type
                0x00018490                ttyname@@GLIBC_2.4
                0x0001849c                dlopen@@GLIBC_2.4
                0x000184a8                gtk_entry_get_text
                0x000184b4                gtk_toggle_button_set_active

.iplt           0x000184c0        0x0
 *(.iplt)
 .iplt          0x000184c0        0x0 /usr/lib/gcc/arm-linux-gnueabihf/8/../../../arm-linux-gnueabihf/crt1.o

.text           0x000184c0   0x25efb0
 *(.text.unlikely .text.*_unlikely .text.unlikely.*)
 *(.text.exit .text.exit.*)
 *(.text.startup .text.startup.*)
 *(.text.hot .text.hot.*)
 *(.text .stub .text.* .gnu.linkonce.t.*)
 .text          0x000184c0       0x3c /usr/lib/gcc/arm-linux-gnueabihf/8/../../../arm-linux-gnueabihf/crt1.o
                0x000184c0                _start
 .text          0x000184fc       0x24 /usr/lib/gcc/arm-linux-gnueabihf/8/../../../arm-linux-gnueabihf/crti.o
 .text          0x00018520       0x90 /usr/lib/gcc/arm-linux-gnueabihf/8/crtbegin.o
 .text          0x000185b0      0x3d0 gxe-support.o
                0x000185b0                lookup_widget
                0x00018738                create_pixmap
                0x000187f0                create_pixbuf
                0x000188f0                glade_set_atk_action_description
 .text          0x00018980       0xb4 gxe-main.o
                0x00018980                main
 *fill*         0x00018a34        0x4 
 .text          0x00018a38     0x9118 gxe-interface.o
                0x00018a38                create_framewindow
                0x0001a428                create_fileselection
                0x0001a65c                create_colorselectiondialog
                0x0001a95c                create_fontselectiondialog
                0x0001ac84                create_aboutdlg
                0x0001b034                create_optiondlg
                0x0001d2a4                create_printdlg
                0x000218c8                set_menubar_dialog_open_signal
                0x000219a0                interface_getmenuitemlabel
 .text          0x00021b50     0x15bc gxe-callbacks.o
                0x00021b50                on_new_activate
                0x00021ba4                on_open_activate
                0x00021bd0                on_save_activate
                0x00021bf4                on_saveas_activate
                0x00021c20                on_print_activate
                0x00021c44                on_prtscr_activate
                0x00021c68                on_preview_activate
                0x00021ca0                on_preview2_activate
                0x00021cd8                on_home_activate
                0x00021cfc                on_terminal_activate
                0x00021d20                on_exit_activate
                0x00021d44                on_selectall_activate
                0x00021d68                on_cut_activate
                0x00021d8c                on_copy_activate
                0x00021db0                on_clear_activate
                0x00021dd4                on_paste_insert_activate
                0x00021df8                on_paste_replace_activate
                0x00021e1c                on_PasteV_activate
                0x00021e40                on_setup_activate
                0x00021e94                on_helpdoc_activate
                0x00021eb8                on_version_activate
                0x00021ee4                on_button_open_clicked
                0x00021f10                on_button_save_clicked
                0x00021f34                on_button_end_clicked
                0x00021f58                on_button_cancel_clicked
                0x00021f7c                on_button_print_clicked
                0x00021fa0                on_button_home_clicked
                0x00021fc4                on_button_terminal_clicked
                0x00021fe8                on_button_cut_clicked
                0x0002200c                on_button_copy_clicked
                0x00022030                on_button_clear_clicked
                0x00022054                on_button_pasteins_clicked
                0x00022078                on_button_pasterep_clicked
                0x0002209c                on_button_pasteV_clicked
                0x000220c0                on_file_button_ok_clicked
                0x000220e4                on_file_button_cancel_clicked
                0x00022108                on_font_button_ok_clicked
                0x00022134                on_font_button_cancel_clicked
                0x00022160                on_font_button_apply_clicked
                0x0002218c                on_color_button_ok_clicked
                0x000221b8                on_color_button_cancel_clicked
                0x000221e4                on_option_button_cancel_clicked
                0x00022210                on_option_button_ok_clicked
                0x0002223c                on_option_button_change_font_clicked
                0x00022268                on_option_button_color_change_clicked
                0x00022294                on_option_drawingarea_colorsample_configure_event
                0x000222e4                on_option_drawingarea_colorsample_expose_event
                0x00022318                on_about_button_close_clicked
                0x00022344                on_page_font_change_clicked
                0x00022368                on_page_button_preview_print_clicked
                0x0002238c                on_page_button_np_clicked
                0x000223b0                on_page_button_pp_clicked
                0x000223d4                on_page_button_preview_prtscr_clicked
                0x000223f8                on_page_button_print_clicked
                0x0002241c                on_page_button_prtscr_clicked
                0x00022440                on_page_button_save_clicked
                0x00022464                on_page_button_cancel_clicked
                0x00022488                on_page_chkbutton_bycellhw_toggled
                0x000224ac                on_page_chkbutton_2p_toggled
                0x000224d0                on_page_chkbutton_header_toggled
                0x000224f4                on_page_chkbutton_footer_toggled
                0x00022518                on_page_entry_pageno_editing_done
                0x0002253c                on_maindraw_configure_event
                0x00022570                on_maindraw_expose_event
                0x000225a4                on_maindraw_button_press_event
                0x000225d8                on_maindraw_button_release_event
                0x0002260c                on_maindraw_scroll_event
                0x00022640                on_maindraw_key_press_event
                0x00022674                on_maindraw_key_release_event
                0x000226a8                on_maindraw_leave_notify_event
                0x000226dc                on_maindraw_enter_notify_event
                0x00022710                on_maindraw_motion_notify_event
                0x00022744                on_maindraw_realize
                0x0002276c                on_maindraw_unrealize
                0x00022794                on_maindraw_focus_in_event
                0x000227c8                on_maindraw_focus_out_event
                0x000227fc                on_framewindow_realize
                0x00022824                on_framewindow_unrealize
                0x0002284c                on_framewindow_configure_event
                0x00022880                on_framewindow_delete_event
                0x000228b4                on_framewindow_destroy_event
                0x000228e8                on_framewindow_drag_data_received
                0x00022940                on_maindraw_drag_data_get
                0x00022988                on_maindraw_drag_begin
                0x000229c8                on_maindraw_drag_end
                0x00022a08                on_button_save_enter
                0x00022a3c                on_button_save_leave
                0x00022a70                on_button_end_enter
                0x00022aa4                on_button_end_leave
                0x00022ad8                on_button_cancel_enter
                0x00022b0c                on_button_cancel_leave
                0x00022b40                on_button_print_enter
                0x00022b74                on_button_print_leave
                0x00022ba8                on_button_home_enter
                0x00022bdc                on_button_home_leave
                0x00022c10                on_button_terminal_enter
                0x00022c44                on_button_terminal_leave
                0x00022c78                on_button_cut_enter
                0x00022cac                on_button_cut_leave
                0x00022ce0                on_button_copy_enter
                0x00022d14                on_button_copy_leave
                0x00022d48                on_button_clear_enter
                0x00022d7c                on_button_clear_leave
                0x00022db0                on_button_pasteins_enter
                0x00022de4                on_button_pasteins_leave
                0x00022e18                on_button_pasterep_enter
                0x00022e4c                on_button_pasterep_leave
                0x00022e80                on_button_pasteV_enter
                0x00022eb4                on_button_pasteV_leave
                0x00022ee8                on_button_open_enter
                0x00022f1c                on_button_open_leave
                0x00022f50                on_maindraw_client_event
                0x00022f88                on_option_button_rulercolor_change_clicked
                0x00022fb4                on_page_combo_printer_changed
                0x00022fe0                on_page_combo_form_changed
                0x0002300c                on_setup_button_press
                0x0002308c                on_preview_button_press
 .text          0x0002310c     0x2270 gxe-gxeview.o
                0x0002310c                gxeview_init
                0x0002327c                gxeview_realize
                0x000232ac                gxeview_unrealize
                0x00023300                gxeview_focus_in
                0x00023358                gxeview_focus_out
                0x000233b0                gxeview_configure
                0x00023470                gxeview_expose
                0x00023564                gxeview_showtop
                0x000235c4                gxeview_buttondown
                0x00023780                gxeview_buttonup
                0x00023918                gxeview_mousewheel
                0x00023a5c                gxeview_motion
                0x00023abc                gxeview_leave
                0x00023aec                gxeview_enter
                0x00023b1c                gwxeview_ondraw
                0x00023b34                gxeview_cb_beginprint
                0x00023b78                gxeview_cb_drawpage
                0x00023bb4                gxeview_cb_endprint
                0x00023be8                gxeview_cb_statuschanged
                0x00023c28                gxeview_cb_done
                0x00023cb4                gtkprint_initsettings
                0x00023dcc                gtkprint_initoperation
                0x00024040                OnPreparePrinting
                0x000240b0                OnBeginPrinting
                0x000240dc                OnEndPrinting
                0x000240fc                gxeview_OnKeyDown
                0x00024300                chkrulerkey
                0x000243d4                OnChar
                0x0002452c                impreedit
                0x000245fc                gxeview_OnKeyUp
                0x00024718                gxeview_OnOptions
                0x00024750                gxeview_OnOk
                0x00024768                gxeview_OnCommand
                0x00024784                gxeview_OnSize
                0x000247a0                gxeview_OnUpdateEditPaste
                0x000247e8                gxeview_OnUpdateEditPasteRep
                0x00024830                gxeview_OnUpdateEditPasteV
                0x00024878                gxeview_OnEditPasteIns
                0x0002489c                gxeview_OnEditPasteRep
                0x000248c0                gxeview_OnEditPasteV
                0x000248e4                gxeview_OnUpdateEditCopy
                0x0002492c                gxeview_OnEditCopy
                0x00024958                gxeview_OnUpdateEditCut
                0x000249a0                gxeview_OnUpdateEditClear
                0x000249e8                gxeview_OnEditSelectAll
                0x00024a10                gxeview_OnEditCut
                0x00024a3c                gxeview_OnEditClear
                0x00024a68                gxeview_OnLButtonDown
                0x00024a80                gxeview_OnLButtonUp
                0x00024a98                gxeview_OnMouseMove
                0x00024ab0                gxeview_OnRButtonDown
                0x00024ac8                gxeview_OnMouseWheel
                0x00024ae4                gxeview_OnDropFiles
                0x00024afc                gxeview_OnFilePrint
                0x00024b2c                gxeview_GtkBeginPrinting
                0x00024c48                gxeview_GtkDrawPrinting
                0x00024d90                gxeview_GtkEndPrinting
                0x00024de4                gxeview_OnFileScrprt
                0x00024e08                OnPrepareDC
                0x00024e3c                gxeview_OnPageSetup
                0x00024e74                gxeview_OnExit
                0x00024e98                gxeview_OnEditEnd
                0x00024eb8                gxeview_OnEditCancel
                0x00024ed8                gxeview_OnLButtonDblClk
                0x00024ef0                gxeview_OnTimer
                0x00024f08                gxeview_OnFileDos
                0x00024f34                gxeview_OnEditExplorer
                0x00024f64                gxeview_OnFileOpenwith
                0x00024f84                gxeview_OnUpdateFileOpenwith
                0x00024f9c                gxeview_dragbegin
                0x00024fe0                gxeview_dragdataget
                0x000251ac                gxeview_dragend
                0x00025248                gxeview_clientevent
 .text          0x0002537c     0x3010 gxe-gxedlg.o
                0x0002537c                gxedlg_construct
                0x000253c8                gxedlg_init
                0x00025528                gxedlg_setvalue
                0x00025bfc                gxedlg_option_OnOK
                0x00026154                gxedlg_option_OnCancel
                0x000261f0                gxedlg_option_create
                0x00026350                gxedlg_settext_fontname
                0x00026694                gxedlg_option_color_create
                0x00026810                gxedlg_option_rulercolor_create
                0x00026978                gxedlg_Color_OnOK
                0x00026a30                gxedlg_Color_OnCancel
                0x00026a70                gxedlg_getcolordata
                0x00026b28                gxedlg_getrulercolordata
                0x00026bd0                gxedlg_setcolor
                0x00026c78                gxedlg_setrulercolor
                0x00026d3c                gxedlg_setrulerkey
                0x00027170                set_cursor_to_iter
                0x000271c8                gxedlg_setfaceselection
                0x00027354                gxedlg_option_fontstyle
                0x00027398                gxedlg_font_create_sub
                0x00027758                gxedlg_Font_OnOK
                0x000277d8                gxedlg_Font_OnCancel
                0x00027818                gxedlg_Font_OnApply
                0x0002788c                gxedlg_getfontdata
                0x00027bb4                gxedlg_displaycolor
                0x00027bcc                gxedlg_option_draw_samplebox
                0x00027fbc                gxe_option_draw_sampletext
                0x00028054                gxedlg_option_drawingarea_configure
                0x000280ec                gxedlg_option_drawingarea_expose
                0x000281d8                gxedlg_OnChangeEditHeight
                0x000281f0                gxedlg_OnChangeEditWidth
                0x00028208                gxedlg_about_create
                0x0002834c                gxedlg_About_OnClose
 .text          0x0002838c      0x60c gxe-gxe.o
                0x0002838c                gxe_init
                0x000283e4                gxe_parmchk
                0x00028778                gxe_help
                0x00028914                gxe_appinit
                0x00028954                gxe_im_init
                0x00028978                dummyprintf
 .text          0x00028998     0x1180 gxe-xxemain.o
                0x00028998                xxemain_construct
                0x00028e9c                xxemain_init
                0x00028f34                xeinitcall
                0x00028fec                xeerrchk
                0x0002905c                xxemain_OnOk
                0x00029110                iniget
                0x0002950c                xxemain_iniput
                0x000298f0                exitmain
                0x00029934                xxemain_ontimeratcmd
 .text          0x00029b18     0x1fd8 gxe-gxemfrm.o
                0x00029b18                gxemfrm_construct
                0x00029b9c                gxemfrm_Loadact
                0x00029c08                getmenulabel
                0x00029cf8                actinit
                0x00029e58                gxemfrm_enablesubmenuitem
                0x00029f90                gxemfrm_enabletoolbar
                0x0002a1b4                updatemenu
                0x0002a3c4                gxemfrm_updatemainmenu
                0x0002a458                updatemainmenutext
                0x0002a4f4                updateMenuIcon
                0x0002a5fc                updatemainmenuFile
                0x0002a794                gxemfrm_updateFileMenu
                0x0002a7dc                on_mainmenu_enter_notify_edit
                0x0002a874                mainmenu_init
                0x0002ab1c                toolbar_init
                0x0002abd4                gxemfrm_OnHelp
                0x0002abf0                mainmenu_srchmenuitem
                0x0002ac80                popupmenu_initCHL
                0x0002adc0                popupmenu_init
                0x0002af04                popupmenu_deactivate_callback
                0x0002af40                popupmenu_activate_callback
                0x0002afd0                popupmenu_activate_callbackCHLCMD
                0x0002b110                popupmenu_activate_callbackCHL
                0x0002b1d0                popupmenu_activate_callback2
                0x0002b260                popupmenu_activate_callback2CHL
                0x0002b2fc                popupmenu_activate_openwith
                0x0002b330                popupmenu_srchidCHL
                0x0002b3b0                popupmenu_srchid
                0x0002b430                gxemfrm_popupmenu_getmenuitemCHL
                0x0002b494                gxemfrm_popupmenu_getmenuitem
                0x0002b520                gxemfrm_popupmenu_getmenuitemidCHL
                0x0002b584                gxemfrm_popupmenu_getmenuitemid
                0x0002b60c                gxemfrm_realize
                0x0002b6c4                gxemfrm_unrealize
                0x0002b6ec                gxemfrm_configure
                0x0002b7d0                gxemfrm_delete
                0x0002b7f8                gxemfrm_destroy
                0x0002b824                gxemfrm_setwindowsize
                0x0002b8c8                gxemfrm_onclose
                0x0002b92c                changemenuaccelkey
                0x0002b9c8                gxemfrm_chkDiabledMenuid
 .text          0x0002baf0     0x3264 gxe-xxecsub.o
                0x0002baf0                csubinit1
                0x0002bb24                csubutf8init
                0x0002bc24                csubacssetup
                0x0002bd1c                usetcaret
                0x0002be40                uredrawcaret
                0x0002be54                ushowcaret
                0x0002be8c                uhidecaret
                0x0002bec4                ugetcaretpos
                0x0002bf30                usetcaretpos
                0x0002bfb4                udrawcaret
                0x0002c1e8                umsgbox_modalinparent
                0x0002c23c                umsgbox
                0x0002c4b8                umsgbox2
                0x0002c6ac                uerrmsgbox
                0x0002c790                uerrmsgboxokcan
                0x0002c87c                umsgboxlocalemsg
                0x0002c8ec                uactivate_menuitem
                0x0002c988                uclick_toolbarbutton
                0x0002ca20                usetfocus
                0x0002ca68                upostmsg
                0x0002cb44                usettimer
                0x0002cbb0                ukilltimer
                0x0002cbd8                uinvalidate
                0x0002cd3c                ugetinidata
                0x0002ceb4                uputinidata
                0x0002d004                iniacrnmchk
                0x0002d0a4                iniacrnmput
                0x0002d100                ugetcpath
                0x0002d164                ugettempfname
                0x0002d1f8                usetupwdtemp
                0x0002d2b0                umemalloc
                0x0002d2dc                umemfree
                0x0002d300                wxemalloc
                0x0002d32c                wxefree
                0x0002d350                csubprintgerror
                0x0002d3cc                csublocale2utf8
                0x0002dba4                csublocale2utf8scr
                0x0002e664                usetresizehint
                0x0002e858                chkresizelimit
                0x0002e9c4                usetresizehint2
                0x0002ebac                csubchkdd
                0x0002ebe4                csubgetcsrposbf
                0x0002ec40                csub_get_widget_allocation_wh
                0x0002ec8c                csub_get_mouse_status
 .text          0x0002ed54     0x4174 gxe-xxexei.o
                0x0002ed54                wxe_preinit
                0x0002eeb4                wxe_parmchk
                0x0002ef58                wxe_kbdgetname
                0x0002eff8                wxe_xecall
                0x0002f340                xxexei_kbdinit
                0x0002f408                wxe_kbdmsg
                0x0002f978                wxe_funccall
                0x0002fb84                wxe_otherfunc
                0x0002fc0c                wxe_strcmd
                0x0002fc88                wxe_editcmd
                0x0002fd50                wxe_getmaxscrsize
                0x0002fddc                wxe_onsize
                0x0002fe88                wxe_getcurpos
                0x0002fedc                wxe_setcurpos
                0x0002fff0                wxe_getcurtype
                0x00030080                wxe_setcurtype
                0x0003019c                wxe_uviogetwork
                0x00030210                wxe_uviogetstate
                0x000303c0                wxe_uviosetstate
                0x000305e0                wxe_getsamplecolor
                0x00030660                wxe_readkbd
                0x00030d1c                wxe_uerrexitstdo
                0x00030d40                wxe_uerrexitmsgbox
                0x00030d64                wxe_movecsr
                0x00030db4                wxe_scroll
                0x00031004                wxe_scrollhbar
                0x000310fc                wxe_mouseedgechk
                0x000314a0                wxe_lineselect
                0x00031664                wxe_lineselect_topmenu
                0x000317e0                wxe_lineselect_fnamelist
                0x00031910                wxe_lineselect_driveid
                0x00031a38                wxe_lineselect_file
                0x00031be0                wxe_lineselect_dirlist
                0x00031cf0                wxe_belcmd
                0x00031e28                wxepathupdown
                0x00031ec8                xxe_beep
                0x00031ee0                xxe_scrdisp
                0x00031ef4                xxe_kbdwcinit
                0x0003200c                xxe_imeconv
                0x00032170                xxe_imef2lerr
                0x00032360                xxe_setdbcstbl
                0x00032398                xxe_chkcsrisfiledataline
                0x00032844                xxe_chkcsrpos
                0x00032980                xxe_getlinenosz
                0x00032a30                xxe_optligature
                0x00032c3c                wxe_getlineopt
                0x00032cc8                wxe_resethdrligature
                0x00032d08                wxe_isCHLLine
                0x00032e50                wxe_CHLcmd
 .text          0x00032ec8     0x19b8 gxe-xxekbd.o
                0x00032ec8                xxemain_kbdinit
                0x00033068                xxemain_onkeyup
                0x00033188                xxemain_onchar
                0x000333a8                xxemain_onkeydown
                0x000336a0                xxemain_ontimer_rctlkey
                0x000337c8                xxemain_kbdkeyin
                0x000338a8                xxemain_keysym2doskey
                0x00033b64                shiftstatus
                0x00033dc4                xekbchk_kbdproc
                0x00033e70                xekbchk_showkey
                0x00034050                getshiftid
                0x00034148                printline
                0x0003418c                getkeycode
                0x00034214                open_display
                0x00034268                close_display
                0x00034290                getkeycode_ctlr
                0x00034340                xxekey_getmodmask
                0x000345e0                getkeysymtbl
                0x0003476c                setkeysymmap
 .text          0x00034880     0x8f94 gxe-xxescr.o
                0x00034880                xxemain_scrinit
                0x00034bd8                xxemain_scronok
                0x00034ca0                xxemain_scrbgrect
                0x00034dd4                xxemain_OnSize
                0x00035028                xxemain_draw
                0x000350ec                xxemain_scrupdate
                0x00035378                scrruler
                0x000354f0                xxemain_scrsetruler
                0x000355b8                scrdrawline
                0x00035660                scrcsr
                0x00035738                lineput
                0x00035ee0                strput
                0x000361ec                setfgbgcolorfrompal
                0x000362a0                scrdrawbrush
                0x000363b8                drawtext
                0x0003660c                drawtextstr_chkrtl
                0x00036638                xxescr_chkligatureGtk
                0x00036700                xxescr_chkligature
                0x0003680c                xxescr_chkligatureu8
                0x0003694c                xxescr_scrprtGtk
                0x000369c4                drawtextstr_ligatureGtk
                0x00036d50                drawtextstr_ligature
                0x00037178                drawtextstr_ligatureu8Gtk
                0x000376dc                drawtextstr_ligatureu8
                0x00037c68                drawtextstrGtk
                0x000385d0                drawtextstr
                0x00039208                xxemain_createfont
                0x00039440                xxemain_setfont
                0x000394f4                xxemain_scrinvalidate
                0x000395a4                xxemain_onsetfocus
                0x000395f8                xxemain_onkillfocus
                0x00039624                xxemain_scrend
                0x00039648                xxemain_scrcancel
                0x0003966c                xxemain_scrcmd
                0x000396b8                xxemain_scrstrcmd
                0x00039704                xxemain_onfileopenwith
                0x0003973c                xxemain_scrpreedit
                0x00039b58                scrpreedittext
                0x00039e04                drawimcsr
                0x00039e9c                drawimtext
                0x00039f38                scrpreeditbrush
                0x0003a0b4                drawtextstr_ligatureu8_nocombine
                0x0003aa64                updateFileMenu
                0x0003aaac                xxescr_chkWidth0Ovf
                0x0003ac04                drawtextstr_NoLigatureu8_NoCombine
                0x0003b59c                drawtextstr_NoLigatureu8_NoSCM_NoCombine
                0x0003b840                drawtextstr_NoLigatureu8_SCM_chkcont
                0x0003ba7c                drawtextstr_NoLigatureu8_SCM
                0x0003c320                drawtextstr_NoLigatureu8_NoSCM
                0x0003c900                drawtextstr_NoLigatureu8_NoSCMSub
                0x0003cb18                drawtextstr_NoLigatureu8_NoSCM_Monospace
                0x0003cd04                drawtextstr_ligatureu8_SCM
                0x0003d2c0                drawtextstr_ligatureu8_chkcombinesplit
 .text          0x0003d814     0x26b0 gxe-xxexei3.o
                0x0003d814                wxe_getrctl
                0x0003d84c                wxe_setrctl
                0x0003d8f8                wxe_getfreecsr
                0x0003d930                wxe_setfreecsr
                0x0003d9dc                wxe_getbeep
                0x0003da14                wxe_setbeep
                0x0003dac0                wxe_chkendenable
                0x0003dc28                drawuerrmsg
                0x0003dc40                wxe_errmenuitemDisabled
                0x0003dc78                wxe_errmenuitemDisabled2
                0x0003dcb4                wxe_chkEnableFileSubmenu
                0x0003dda8                wxe_onfileopenwith
                0x0003de54                wxegetdbcsmode
                0x0003dee0                wxe_scrdraw
                0x0003defc                wxe_timerreset
                0x0003e24c                wxe_atcmdisrtalias
                0x0003e56c                wxe_atcmd
                0x0003e7f0                wxe_atcmdctl
                0x0003ea98                wxe_setsleeptime
                0x0003eb48                wxe_killsleeptime
                0x0003eb98                wxe_assoclcmd
                0x0003ebdc                wxe_dragselectchk
                0x0003ede8                wxe_isremotefile
                0x0003ee7c                wxe_dragreset
                0x0003ef5c                wxe_dragset
                0x0003eff4                wxe_dragdropfilelist
                0x0003f0d8                wxe_dndfilecopychk
                0x0003f4a0                wxe_dndutil
                0x0003f56c                wxe_dndcopyfile
                0x0003fb18                xxe_acssetup
                0x0003fb44                xxe_setsynpalettecolor
                0x0003fca4                xxe_setsynfontface
                0x0003fe74                wxe_chkUpdateFileMenu
 .text          0x0003fec4     0x3ad0 gxe-xxemouse.o
                0x0003fec4                xxemain_mouselbdown
                0x00040330                xxemain_mousemove
                0x00040938                xxemain_mousecpdrawpan
                0x00040a10                xxemain_mouselbup
                0x00041088                xxemain_mouserbdown
                0x000412ec                xxemain_cpcopy
                0x000416d8                cpcopypan
                0x00041b1c                xxemain_cppaste
                0x00041cf4                xxemain_mousembdown
                0x00041d34                xxemain_pastecb
                0x00041ea0                xxemain_cpupdatecopy
                0x00041f18                xxemain_cpupdatecut
                0x00041f9c                xxemain_cpupdatepaste
                0x00042038                xxemain_cpupdatepastev
                0x000420dc                cppastedropchk
                0x000421c0                xxemain_onmousewheel
                0x00042210                xxemain_mouselbdblclk
                0x00042508                xxemain_ontimer_mousepositionchk
                0x0004276c                xxemain_ontimer
                0x000429bc                mousescrollchk
                0x00042b78                mousedragfile
                0x00042cc8                mousedodrag
                0x00042e48                mousedragsetuplist
                0x00042f74                mousedragcopy
                0x00042fd8                mousedragcopychk
                0x0004303c                xxemain_setupdragfile
                0x00043160                xxemain_mousedragbegin
                0x000431b4                xxemain_mousedraggetdata
                0x00043358                xxemain_mousedragend
                0x000434c8                wxemouse_capi
                0x0004355c                mouse_csrmovedbykbd
                0x00043584                xxemain_cpselectall
                0x000435d0                xxemain_cpupdateselectall
                0x00043628                onfileCHL
                0x00043670                onfileCHLdblclick
                0x000436ac                chkCHLselect
                0x00043830                selectedCHL
 .text          0x00043994     0x7100 gxe-xxexei2.o
                0x00043994                wxe_iswinnt
                0x000439ac                wxe_reset
                0x000439d0                wxe_capreset
                0x00043a18                wxe_capblock
                0x00043b48                wxe_capselectall
                0x00043bb4                wxe_capcopy
                0x00044090                wxe_capcopy2
                0x00044bb8                wxe_capcopytowincb
                0x00044fcc                wxe_capcopytowincbfromxe
                0x00045370                wxe_cappaste
                0x000457f0                wxe_cappasteposchk
                0x00045964                wxe_cappastecallback
                0x000461c4                wxe_capchkprot
                0x00046368                wxe_capchkxestat
                0x00046404                wxe_capchkselectall
                0x000464b8                wxe_dbcstextcopy
                0x00046588                wxe_dbcstextcopyu
                0x00046770                wxe_capb2u
                0x000469f0                wxe_capu2ball
                0x00046b68                wxe_capu2b
                0x00046cac                wxe_dbcstextcopypan
                0x00047028                wxe_getpcw
                0x000470a4                wxe_getpcwsubtype
                0x00047134                wxe_prtgetfnm
                0x00047528                wxe_prtinit
                0x00047918                wxe_prtgetmaxpage
                0x00047c78                wxe_prtgetline
                0x0004904c                wxe_hexdisplay
                0x00049214                wxe_prtgetdatalen
                0x00049658                wxe_prtgetdatalenwkvhex
                0x00049b50                wxe_prtgetnextplh
                0x00049bd8                wxe_prtgetnextplhwkvhex
                0x00049e88                wxe_prtgetftime
                0x00049fd0                wxe_ddsetup
                0x0004a494                wxe_getddexpand
                0x0004a5a8                wxe_wxpsetupprtscr
                0x0004a848                wxe_wxpreq
                0x0004a95c                wxe_getorgfnm
                0x0004a9b0                wxe_helpcall
                0x0004a9e0                wxe_endprint
 *fill*         0x0004aa94        0x4 
 .text          0x0004aa98     0x5f60 gxe-xxecsub2.o
                0x0004aa98                usettitle
                0x0004aae4                usetpalettecolor
                0x0004ac0c                uclipboard_settext
                0x0004acc0                uclipboard_file_get_callback
                0x0004aec4                uclipboard_file_clear_callback
                0x0004aef4                uclipboard_setcopyfile
                0x0004af80                uclipboard_getfileselection
                0x0004afdc                uclipboard_getcopyfilesub
                0x0004b678                uclipboard_gettext
                0x0004b7c8                uclipboard_memfree
                0x0004b7ec                uuridecode
                0x0004b908                usetupuri
                0x0004bb1c                udragbegin
                0x0004bbe8                udragend
                0x0004bc1c                udragdestset
                0x0004bc5c                upopupmenu_menuitem_enable
                0x0004bcb8                upopupmenu_popupCHL
                0x0004bd50                upopupmenu_popup
                0x0004be08                ufontgetstrwidth
                0x0004be94                ugetfontmetrics
                0x0004bfc4                ufontgetextentw
                0x0004c078                ufontismonospace
                0x0004c184                usrchfontfamily
                0x0004c250                uprtcreatefontGtkPrint
                0x0004c2f8                ugetdbcschktbl
                0x0004c394                uprtwcwidth
                0x0004c3e4                uprttextout_NoLigature
                0x0004c43c                uprttextout
                0x0004cb48                uprttextoutw
                0x0004cc08                uprttextoutwsub
                0x0004d06c                uprtscrtextout
                0x0004d23c                uprtlineout
                0x0004d420                upreviewsetfontscalePango160
                0x0004d5a4                upreviewresetfontscalePango160
                0x0004d5cc                upreviewsetfontscale
                0x0004d61c                utracelayout
                0x0004d714                csublyoutinfo
                0x0004d80c                usetmonospace
                0x0004dcd8                usetmonospaceCombineStr
                0x0004dedc                usetmonospace_ligature
                0x0004e5e8                csubgetdefaultprinter
                0x0004e724                cb_enumprinter
                0x0004e878                cb_enumprinter2
                0x0004e9f4                csubgetdefaultprinterGtk
                0x0004eab0                csubsrchprinterGtk
                0x0004ebb4                csubgetcupspagesz
                0x0004ef48                csubgetcupsform
                0x0004f17c                csubgetpapersizeGtk_fromPPD
                0x0004f4e4                csubgetcupspapername
                0x0004f598                csubgetcupspaperlistGtk
                0x0004f604                csubgetcupsformGtk
                0x0004f714                csubgetpaperShiftGtk
                0x0004f8a4                csubgetpapersizeGtk
                0x0004f974                csubsetpapersizeGtk
                0x0004fa00                csub_setcolorGtk
                0x0004fa38                ugconfgetkbdrate
                0x0004faa8                csub_repu8null
                0x0004fbb4                csub_utf8mem_strlen
                0x0004fc98                csubgetdestctr
                0x0004fce4                csubiscupsavail
                0x0004fd28                csublistprinter
                0x0004fdd0                csub_iswidth0
                0x0004ff78                csub_iscombining
                0x00050048                csub_isSpacingCombiningMark
                0x00050090                csub_setcombineLayout
                0x00050258                csub_GetCombineStrTbl
                0x0005088c                usetmonospace_SCM
 .text          0x000509f8      0xf14 gxe-xxefile.o
                0x000509f8                gxedoc_construct
                0x00050a10                gxedoc_init
                0x00050a28                gxedoc_destroy
                0x00050a40                gxedoc_Serialize
                0x00050a58                gxedoc_OnNewDocument
                0x00050a90                gxedoc_OnOpenDocument
                0x00050ae4                gxedoc_OnSaveDocument
                0x00050b0c                gxedoc_OnSaveAsDocument
                0x00050b44                gxedoc_OnCmdMsg
                0x00050b60                gxedoc_ondropfiles
                0x00050b7c                xxefile_dlgOnOK
                0x00050ce4                xxefile_dlgOnCancel
                0x00050d14                xxefile_filenew
                0x00050d4c                xxefile_fileopen
                0x00050d84                xxefile_filesave
                0x00050dbc                invalidate
                0x00050dd4                xxefile_ondropfiles
                0x0005115c                xxefile_ondropfilesub
                0x00051574                filepostcopybydndmsg
                0x000516b4                filecopybydnd
                0x00051868                dlgcreate
 *fill*         0x0005190c        0x4 
 .text          0x00051910     0x52fc gxe-gxepage.o
                0x00051910                gxepage_init
                0x000519a0                gxepage_init2
                0x00051a00                construct
                0x00051b04                gxepage_destroy
                0x00051b5c                freemems
                0x00051bcc                on_page_delete_event
                0x00051bf8                gxepage_create
                0x00051d0c                OnInitDialog
                0x00052fd4                gxepage_OnCancel
                0x00053004                gxepage_OnOk
                0x00053060                gxepage_OnPrint
                0x00053094                gxepage_OnPrtscr
                0x000530c8                gxepage_OnPreview
                0x00053168                gxepage_OnPreviewprevpage
                0x000531cc                gxepage_OnPreviewNextpage
                0x00053214                gxepage_OnPreviewprtscr
                0x00053254                gxepage_OnCheckHeader
                0x00053340                gxepage_OnCheckFooter
                0x0005342c                chkmarginshift
                0x00053678                gxepage_savemarginshift
                0x00053798                gxepage_papershift
                0x00053908                getparm
                0x00054310                gxepage_prtgetformsz
                0x00054434                putparm
                0x00054464                saverestparm
                0x00054a30                pagecount
                0x00054ebc                gxepage_updateformlist
                0x00055018                Initcombo
                0x00055238                Initcomboenumprinter
                0x00055374                Initcomboprinter
                0x000555ec                gxepage_OnCheck2p
                0x00055744                gxepage_OnCheckpfontsz
                0x000559f4                displaypageno
                0x00055ccc                displayform
                0x00056040                previewrectdraw
                0x0005619c                previewforminit
                0x00056304                previewformunref
                0x00056368                drawpreviewcanvas
                0x00056604                gxepage_OnChangeEditCurpage
                0x00056684                gxepage_fontstyle
                0x000566b8                chkpagerange
                0x000569e0                gxepage_OnChanged_ComboPrinter
                0x00056a38                gxepage_err_nocupsprinter
                0x00056a6c                displayHWMargin
                0x00056b2c                gxepage_OnChanged_ComboForm
 .text          0x00056c0c     0x3e40 gxe-xxeprt.o
                0x00056c0c                xxemain_prtinit
                0x00056ccc                xxemain_onprepareprinting
                0x000575b4                xxemain_prtgetscrdata
                0x00057740                xxemain_prtajustcolrow
                0x00057e00                xxemain_onendprinting
                0x00057e38                afterprint
                0x00057ef0                xxemain_prtpreparedc
                0x00057f20                xxemain_onprint
                0x00057f58                prtscr
                0x00057fdc                prtscrbgrect
                0x0005816c                prtviewporthcopyGtkPrint
                0x00058548                prtfile
                0x000599b4                prttextout
                0x00059a04                prttextout_NoLigature
                0x00059a54                prttextout2p
                0x00059de0                prttextoutw
                0x00059f88                prtlineout
                0x00059fe4                prtviewportfileGtkPrint
                0x0005a360                prtmarginrect
                0x0005a654                prtgetcupsorgt
                0x0005a7f8                xxemain_prtdefaultmarginrect
                0x0005a870                xxemain_prtpreview
                0x0005a904                prtcreatefont
 .text          0x0005aa4c     0x3a84 ./xe/libxxe.a(libxxe_a-xe.o)
                0x0005aa4c                xemain
                0x0005b29c                uexitfunc
                0x0005b334                uehexit
                0x0005b3e0                xecreateworkdir
                0x0005b654                xegetworkdir
                0x0005b95c                xecleartrcfile
                0x0005bc78                xetraceinit
                0x0005bf50                parmproc00
                0x0005c69c                parmproc0
                0x0005cbec                parmproc
                0x0005d8ac                numchk
                0x0005d924                titlemsg
                0x0005d9ac                help
 .text          0x0005e4d0     0x9d64 ./xe/libxxe.a(libxxe_a-xecap.o)
                0x0005e4d0                capreset
                0x0005e674                capresetcalc
                0x0005e6c0                capsavecsrpos
                0x0005e88c                caplinechk
                0x0005ea58                capblockchk
                0x0005eebc                func_copytocb_file
                0x0005ef40                func_lmark_file
                0x0005efec                func_stdcpregion_file
                0x0005f2cc                func_block_file
                0x0005f5f0                capselectallfile
                0x0005f760                capselectallfilecmdstd
                0x0005f934                capselectallfilecmdblocksub
                0x0005fb74                func_copyword
                0x000601a8                capfilesavelcctforerrmsg
                0x00060218                func_copywordcmd_file
                0x00060990                func_blockdel_file
                0x000609bc                func_blockclear_file
                0x000609e8                capdel
                0x00060dc0                func_blockcutmove_file
                0x00060dec                func_blockclearmove_file
                0x00060e18                capmove
                0x0006102c                capmovesub
                0x00061450                capmoveovchk
                0x00061844                func_blockrep_file
                0x00061870                func_blockrep_pan
                0x000618f0                func_blockins_file
                0x00061944                func_blockins_pan
                0x000619c4                func_stdcppaste_pan
                0x000619ec                func_stdcppaste_file
                0x00061b84                capcopy
                0x00061e88                captocmdline
                0x00061f1c                captopanfld
                0x00062110                captofld
                0x00062b18                capcopysub
                0x00062d70                capfcmdi
                0x00062fbc                capfcmdi2
                0x000630e0                capfcmdi3
                0x00063168                func_lineexclude_file
                0x000632e8                func_lineinclude_file
                0x000633c0                capgetdata
                0x00063504                capgetpfh
                0x000638c8                capsavedata
                0x000650e8                capsavedataword
                0x000654f4                xecapcvcb
                0x000656fc                capcut
                0x00065ba0                capclear
                0x00065e7c                capgetpoint
                0x00066038                capgetmouseword
                0x0006649c                capsavepoint
                0x00066920                capsavepointselectall
                0x00066b48                capsavepointselectallblock
                0x00066d58                capchkmergin
                0x00066e8c                capsortpoint
                0x00067110                capsortpointselectall
                0x00067244                capgetcsrplh
                0x000672c8                capchkboxwidth
                0x00067388                cap_savecalcinfo
                0x00067514                cap_calcrev
                0x000677ac                cap_getcalcprevinfo
                0x000678b0                cap_getcalccurinfo
                0x00067998                capcberr
                0x000679c0                capmsgsaved
                0x000679e4                capnoblockerr
                0x00067a0c                capchkcsrpos
                0x00067c84                capgetxestat
                0x00067cec                func_copywordcmd_dir
                0x00067f04                capselectallfilecmdhelp
                0x00067f34                capselectallfilecmdblock
                0x00068048                capselectallfilecmd
 .text          0x00068234     0x2018 ./xe/libxxe.a(libxxe_a-xecap2.o)
                0x00068234                capcutregion
                0x00068960                capclearregion
                0x00068c04                capstdpaste
                0x00069a64                capstdpasteblockline
                0x00069ed4                capcbstatr
                0x00069ffc                capcbstatw
                0x0006a224                caperrregionmode
 .text          0x0006a24c     0x6360 ./xe/libxxe.a(libxxe_a-xechar.o)
                0x0006a24c                func_char_pan
                0x0006a298                func_char_file
                0x0006a2e4                charpan
                0x0006acd0                charfile
                0x0006b5f0                charcaps
                0x0006b684                charjoinchk
                0x0006bbc4                charlcmdjoin
                0x0006be9c                charfldedit
                0x0006fb88                chartabexp
                0x0006fdb4                charjoinsetdbcstbl
                0x0006ff18                charmaxovererr
                0x0006ff80                charfixlenovererr
                0x0006ffb8                charmerginerr
                0x0006fff0                helpchlcmd
                0x00070020                charsetchlcmd
                0x00070218                charfldeditchl
 .text          0x000705ac     0x17bc ./xe/libxxe.a(libxxe_a-xechar12.o)
                0x000705ac                charfieldfullerr
                0x000705d4                chartabclear
                0x000707b4                charcleartabdbcs
                0x00070838                chargettablen
                0x000708b4                chargetkbdutf8
                0x00070afc                charfldeditu8
                0x00071c08                cmdlinepos2offs
 .text          0x00071d68     0x213c ./xe/libxxe.a(libxxe_a-xechar13.o)
                0x00071d68                charfldeditebc
 .text          0x00073ea4     0x6740 ./xe/libxxe.a(libxxe_a-xechar2.o)
                0x00073ea4                func_del_pan
                0x00073ed0                func_del_file
                0x00073efc                func_eraseeol_pan